Actual Input size : 	128	Actual output size : 	80
Actual Input size : 	128	Actual output size : 	22.625
Actual Input size : 	128	Actual output size : 	66.5
Actual Input size : 	128	Actual output size : 	73.25
Actual Input size : 	128	Actual output size : 	26
Actual Input size : 	128	Actual output size : 	26
Actual Input size : 	128	Actual output size : 	26
Actual Input size : 	128	Actual output size : 	34
Actual Input size : 	128	Actual output size : 	27.25
Actual Input size : 	128	Actual output size : 	21.375
Actual Input size : 	128	Actual output size : 	27.25
Actual Input size : 	128	Actual output size : 	27.25
Actual Input size : 	128	Actual output size : 	26
Actual Input size : 	128	Actual output size : 	34
Actual Input size : 	128	Actual output size : 	21.375
Actual Input size : 	128	Actual output size : 	34
Actual Input size : 	128	Actual output size : 	17.25
Actual Input size : 	128	Actual output size : 	27.25
Actual Input size : 	128	Actual output size : 	27.25
Actual Input size : 	128	Actual output size : 	30.625
Actual Input size : 	128	Actual output size : 	34
Actual Input size : 	128	Actual output size : 	37.375
Actual Input size : 	128	Actual output size : 	40.75
Actual Input size : 	128	Actual output size : 	34
Actual Input size : 	128	Actual output size : 	40.75
Actual Input size : 	128	Actual output size : 	17.25
Actual Input size : 	128	Actual output size : 	63.75
Actual Input size : 	128	Actual output size : 	49
Actual Input size : 	128	Actual output size : 	32.75
Actual Input size : 	128	Actual output size : 	28.75
Actual Input size : 	128	Actual output size : 	39.5
Actual Input size : 	128	Actual output size : 	38.375
Actual Input size : 	128	Actual output size : 	39.5
Actual Input size : 	128	Actual output size : 	32.75
Actual Input size : 	128	Actual output size : 	73.25
Actual Input size : 	128	Actual output size : 	73.25
Actual Input size : 	128	Actual output size : 	19.25
Actual Input size : 	128	Actual output size : 	26
Actual Input size : 	128	Actual output size : 	26
Actual Input size : 	128	Actual output size : 	26
Actual Input size : 	128	Actual output size : 	34
Actual Input size : 	128	Actual output size : 	34
Actual Input size : 	128	Actual output size : 	27.25
Actual Input size : 	128	Actual output size : 	27.25
Actual Input size : 	128	Actual output size : 	19.25
Actual Input size : 	128	Actual output size : 	42.875
Actual Input size : 	128	Actual output size : 	27.25
Actual Input size : 	128	Actual output size : 	19.25
Actual Input size : 	128	Actual output size : 	49.625
Actual Input size : 	128	Actual output size : 	54.25
Actual Input size : 	128	Actual output size : 	46.25
Actual Input size : 	128	Actual output size : 	47.5
Actual Input size : 	128	Actual output size : 	26
Actual Input size : 	128	Actual output size : 	32.75
Actual Input size : 	128	Actual output size : 	34
Actual Input size : 	128	Actual output size : 	42.875
Actual Input size : 	64	Actual output size : 	34.5
Actual Input size : 	64	Actual output size : 	21
Actual Input size : 	64	Actual output size : 	14.25
Actual Input size : 	64	Actual output size : 	18.5
Actual Input size : 	64	Actual output size : 	32.625
Actual Input size : 	64	Actual output size : 	27.125
Actual Input size : 	64	Actual output size : 	33.875
Actual Input size : 	64	Actual output size : 	17
Actual Input size : 	64	Actual output size : 	10.25
Actual Input size : 	64	Actual output size : 	25
Actual Input size : 	64	Actual output size : 	25
Actual Input size : 	64	Actual output size : 	18.25
Actual Input size : 	64	Actual output size : 	18.25
Actual Input size : 	64	Actual output size : 	18.25
Actual Input size : 	64	Actual output size : 	18.25
Actual Input size : 	64	Actual output size : 	18.25
Actual Input size : 	64	Actual output size : 	18.25
Actual Input size : 	64	Actual output size : 	25
Actual Input size : 	64	Actual output size : 	18.25
Actual Input size : 	64	Actual output size : 	18.25
Actual Input size : 	64	Actual output size : 	18.25
Actual Input size : 	64	Actual output size : 	34.5
Actual Input size : 	64	Actual output size : 	31.75
Actual Input size : 	64	Actual output size : 	31.75
Actual Input size : 	64	Actual output size : 	18.25
Actual Input size : 	64	Actual output size : 	18.25
Actual Input size : 	64	Actual output size : 	18.25
Actual Input size : 	64	Actual output size : 	18.25
Actual Input size : 	64	Actual output size : 	18.25
Actual Input size : 	64	Actual output size : 	18.25
Actual Input size : 	64	Actual output size : 	18.25
Actual Input size : 	64	Actual output size : 	18.25
Actual Input size : 	64	Actual output size : 	25
Actual Input size : 	64	Actual output size : 	60
Actual Input size : 	64	Actual output size : 	60
Actual Input size : 	64	Actual output size : 	14
Actual Input size : 	64	Actual output size : 	60
Actual Input size : 	64	Actual output size : 	60
Actual Input size : 	64	Actual output size : 	12.75
Actual Input size : 	64	Actual output size : 	60
Actual Input size : 	64	Actual output size : 	12.75
Actual Input size : 	64	Actual output size : 	12.75
Actual Input size : 	64	Actual output size : 	12.75
Actual Input size : 	64	Actual output size : 	60
Actual Input size : 	64	Actual output size : 	12.75
Actual Input size : 	64	Actual output size : 	12.75
Actual Input size : 	64	Actual output size : 	14
Actual Input size : 	64	Actual output size : 	60
Actual Input size : 	64	Actual output size : 	14
Actual Input size : 	64	Actual output size : 	12.75
Actual Input size : 	64	Actual output size : 	30.5
Actual Input size : 	64	Actual output size : 	12.75
Actual Input size : 	64	Actual output size : 	60
Actual Input size : 	64	Actual output size : 	12.75
Actual Input size : 	64	Actual output size : 	60
Actual Input size : 	64	Actual output size : 	54.5
Actual Input size : 	128	Actual output size : 	58.5
Actual Input size : 	128	Actual output size : 	31.5
Actual Input size : 	128	Actual output size : 	18
Actual Input size : 	128	Actual output size : 	18
Actual Input size : 	128	Actual output size : 	18
Actual Input size : 	128	Actual output size : 	32.75
Actual Input size : 	128	Actual output size : 	26
Actual Input size : 	128	Actual output size : 	65.25
Actual Input size : 	128	Actual output size : 	29.375
Actual Input size : 	128	Actual output size : 	32.75
Actual Input size : 	128	Actual output size : 	36.125
Actual Input size : 	128	Actual output size : 	29.375
Actual Input size : 	128	Actual output size : 	73.25
Actual Input size : 	128	Actual output size : 	49.625
Actual Input size : 	128	Actual output size : 	37.375
Actual Input size : 	128	Actual output size : 	26
Actual Input size : 	128	Actual output size : 	28.125
Actual Input size : 	128	Actual output size : 	32.75
Actual Input size : 	128	Actual output size : 	32.75
Actual Input size : 	128	Actual output size : 	122.5
Actual Input size : 	128	Actual output size : 	27.25
Actual Input size : 	128	Actual output size : 	27.25
Actual Input size : 	128	Actual output size : 	21.375
Actual Input size : 	128	Actual output size : 	26
Actual Input size : 	128	Actual output size : 	26
Actual Input size : 	128	Actual output size : 	19.25
Actual Input size : 	128	Actual output size : 	19.25
Actual Input size : 	128	Actual output size : 	61.875
Actual Input size : 	128	Actual output size : 	47.5
Actual Input size : 	128	Actual output size : 	73.25
Actual Input size : 	128	Actual output size : 	49.25
Actual Input size : 	128	Actual output size : 	17.25
Actual Input size : 	128	Actual output size : 	47.5
Actual Input size : 	128	Actual output size : 	129.25
Actual Input size : 	128	Actual output size : 	73.25
Actual Input size : 	128	Actual output size : 	66.5
Actual Input size : 	128	Actual output size : 	32.75
Actual Input size : 	128	Actual output size : 	21.25
Actual Input size : 	128	Actual output size : 	51.5
Actual Input size : 	128	Actual output size : 	67.75
Actual Input size : 	128	Actual output size : 	67.75
Actual Input size : 	128	Actual output size : 	46.25
Actual Input size : 	128	Actual output size : 	68.375
Actual Input size : 	128	Actual output size : 	73.875
Actual Input size : 	128	Actual output size : 	19.25
Actual Input size : 	128	Actual output size : 	19.25
Actual Input size : 	128	Actual output size : 	28.5
Actual Input size : 	128	Actual output size : 	33.375
Actual Input size : 	128	Actual output size : 	71.125
Actual Input size : 	128	Actual output size : 	60.375
Actual Input size : 	128	Actual output size : 	59.125
Actual Input size : 	128	Actual output size : 	67.75
Actual Input size : 	128	Actual output size : 	61
Actual Input size : 	128	Actual output size : 	47.5
Actual Input size : 	128	Actual output size : 	27.25
Actual Input size : 	128	Actual output size : 	31.5
Actual Input size : 	128	Actual output size : 	136
Actual Input size : 	128	Actual output size : 	136
Actual Input size : 	128	Actual output size : 	136
Actual Input size : 	128	Actual output size : 	64
Actual Input size : 	128	Actual output size : 	136
Actual Input size : 	128	Actual output size : 	28
Actual Input size : 	128	Actual output size : 	75.25
Actual Input size : 	128	Actual output size : 	28
Actual Input size : 	128	Actual output size : 	28
Actual Input size : 	128	Actual output size : 	28
Actual Input size : 	128	Actual output size : 	28
Actual Input size : 	128	Actual output size : 	28
Actual Input size : 	128	Actual output size : 	28
Actual Input size : 	128	Actual output size : 	28
Actual Input size : 	128	Actual output size : 	75.25
Actual Input size : 	128	Actual output size : 	30.25
Actual Input size : 	128	Actual output size : 	33.625
Actual Input size : 	128	Actual output size : 	43.75
Actual Input size : 	128	Actual output size : 	41.5
Actual Input size : 	128	Actual output size : 	30.25
Actual Input size : 	128	Actual output size : 	118
Actual Input size : 	128	Actual output size : 	136
Actual Input size : 	128	Actual output size : 	136
Actual Input size : 	128	Actual output size : 	136
Actual Input size : 	128	Actual output size : 	28
Actual Input size : 	128	Actual output size : 	97.75
Actual Input size : 	128	Actual output size : 	112.375
Actual Input size : 	128	Actual output size : 	136
Actual Input size : 	128	Actual output size : 	136
Actual Input size : 	128	Actual output size : 	30.25
Actual Input size : 	128	Actual output size : 	60.625
Actual Input size : 	128	Actual output size : 	33.625
Actual Input size : 	128	Actual output size : 	136
Actual Input size : 	128	Actual output size : 	84.25
Actual Input size : 	128	Actual output size : 	119.125
Actual Input size : 	128	Actual output size : 	136
Actual Input size : 	128	Actual output size : 	74.125
Actual Input size : 	128	Actual output size : 	136
Actual Input size : 	128	Actual output size : 	28
Actual Input size : 	128	Actual output size : 	28
Actual Input size : 	128	Actual output size : 	28
Actual Input size : 	128	Actual output size : 	136
Actual Input size : 	128	Actual output size : 	53.875
Actual Input size : 	128	Actual output size : 	91
Actual Input size : 	128	Actual output size : 	47.125
Actual Input size : 	128	Actual output size : 	136
Actual Input size : 	128	Actual output size : 	30.25
Actual Input size : 	128	Actual output size : 	32.5
Actual Input size : 	128	Actual output size : 	28
Actual Input size : 	128	Actual output size : 	121.375
Actual Input size : 	128	Actual output size : 	64
Actual Input size : 	128	Actual output size : 	111.25
Actual Input size : 	128	Actual output size : 	136
Actual Input size : 	128	Actual output size : 	28
Actual Input size : 	128	Actual output size : 	28
Actual Input size : 	128	Actual output size : 	28
Actual Input size : 	128	Actual output size : 	136
Actual Input size : 	128	Actual output size : 	125.875
Actual Input size : 	128	Actual output size : 	28
Actual Input size : 	128	Actual output size : 	30.25
Actual Input size : 	128	Actual output size : 	136
Actual Input size : 	128	Actual output size : 	75.25
Actual Input size : 	128	Actual output size : 	91
Actual Input size : 	128	Actual output size : 	30.25
Actual Input size : 	128	Actual output size : 	136
Actual Input size : 	128	Actual output size : 	107.875
Actual Input size : 	128	Actual output size : 	94.375
Actual Input size : 	128	Actual output size : 	136
Actual Input size : 	128	Actual output size : 	75.25
Actual Input size : 	128	Actual output size : 	136
Actual Input size : 	128	Actual output size : 	80.875
Actual Input size : 	128	Actual output size : 	136
Actual Input size : 	128	Actual output size : 	28
Actual Input size : 	128	Actual output size : 	28
Actual Input size : 	128	Actual output size : 	28
Actual Input size : 	128	Actual output size : 	28
Actual Input size : 	128	Actual output size : 	28
Actual Input size : 	128	Actual output size : 	28
Actual Input size : 	128	Actual output size : 	136
Actual Input size : 	128	Actual output size : 	136
Actual Input size : 	128	Actual output size : 	30.25
Actual Input size : 	128	Actual output size : 	28
Actual Input size : 	128	Actual output size : 	91
Actual Input size : 	128	Actual output size : 	28
Actual Input size : 	128	Actual output size : 	28
Actual Input size : 	128	Actual output size : 	28
Actual Input size : 	128	Actual output size : 	86.5
Actual Input size : 	128	Actual output size : 	28
Actual Input size : 	128	Actual output size : 	60.625
Actual Input size : 	128	Actual output size : 	30.25
Actual Input size : 	128	Actual output size : 	30.25
Actual Input size : 	128	Actual output size : 	30.25
Actual Input size : 	128	Actual output size : 	136
Actual Input size : 	128	Actual output size : 	30.25
Actual Input size : 	128	Actual output size : 	50.5
Actual Input size : 	128	Actual output size : 	30.25
Actual Input size : 	128	Actual output size : 	95.5
Actual Input size : 	128	Actual output size : 	107.875
Actual Input size : 	128	Actual output size : 	136
Actual Input size : 	128	Actual output size : 	28
Actual Input size : 	128	Actual output size : 	88.75
Actual Input size : 	128	Actual output size : 	134.875
Actual Input size : 	128	Actual output size : 	28
Actual Input size : 	128	Actual output size : 	28
Actual Input size : 	128	Actual output size : 	136
Actual Input size : 	128	Actual output size : 	118
Actual Input size : 	128	Actual output size : 	91
Actual Input size : 	128	Actual output size : 	80.875
Actual Input size : 	128	Actual output size : 	30.25
Actual Input size : 	128	Actual output size : 	30.25
Actual Input size : 	128	Actual output size : 	50.5
Actual Input size : 	128	Actual output size : 	91
Actual Input size : 	128	Actual output size : 	28
Actual Input size : 	128	Actual output size : 	136
Actual Input size : 	128	Actual output size : 	35.875
Actual Input size : 	128	Actual output size : 	136
Actual Input size : 	128	Actual output size : 	136
Actual Input size : 	128	Actual output size : 	136
Actual Input size : 	128	Actual output size : 	136
Actual Input size : 	128	Actual output size : 	60
Actual Input size : 	128	Actual output size : 	50.5
Actual Input size : 	128	Actual output size : 	28
Actual Input size : 	128	Actual output size : 	75.25
Actual Input size : 	128	Actual output size : 	122.5
Actual Input size : 	128	Actual output size : 	30.25
Actual Input size : 	128	Actual output size : 	40.375
Actual Input size : 	128	Actual output size : 	119.125
Actual Input size : 	128	Actual output size : 	128.125
Actual Input size : 	128	Actual output size : 	136
Actual Input size : 	128	Actual output size : 	104.5
Actual Input size : 	128	Actual output size : 	136
Actual Input size : 	128	Actual output size : 	136
Actual Input size : 	128	Actual output size : 	136
Actual Input size : 	128	Actual output size : 	28
Actual Input size : 	128	Actual output size : 	28
Actual Input size : 	128	Actual output size : 	28
Actual Input size : 	128	Actual output size : 	136
Actual Input size : 	128	Actual output size : 	75.25
Actual Input size : 	128	Actual output size : 	136
Actual Input size : 	128	Actual output size : 	97.75
Actual Input size : 	128	Actual output size : 	30.25
Actual Input size : 	128	Actual output size : 	136
Actual Input size : 	128	Actual output size : 	136
Actual Input size : 	128	Actual output size : 	136
Actual Input size : 	128	Actual output size : 	84.25
Actual Input size : 	128	Actual output size : 	128.125
Actual Input size : 	128	Actual output size : 	136
Actual Input size : 	128	Actual output size : 	64
Actual Input size : 	128	Actual output size : 	91
Actual Input size : 	128	Actual output size : 	95.5
Actual Input size : 	128	Actual output size : 	136
Actual Input size : 	128	Actual output size : 	136
Actual Input size : 	128	Actual output size : 	28
Actual Input size : 	128	Actual output size : 	136
Actual Input size : 	128	Actual output size : 	32.5
Actual Input size : 	128	Actual output size : 	30.25
Actual Input size : 	128	Actual output size : 	28
Actual Input size : 	128	Actual output size : 	136
Actual Input size : 	128	Actual output size : 	136
Actual Input size : 	128	Actual output size : 	30.25
Actual Input size : 	128	Actual output size : 	136
Actual Input size : 	128	Actual output size : 	98.875
Actual Input size : 	128	Actual output size : 	136
Actual Input size : 	128	Actual output size : 	28
Actual Input size : 	128	Actual output size : 	136
Actual Input size : 	128	Actual output size : 	28
Actual Input size : 	128	Actual output size : 	28
Actual Input size : 	128	Actual output size : 	28
Actual Input size : 	128	Actual output size : 	136
Actual Input size : 	128	Actual output size : 	27
Actual Input size : 	128	Actual output size : 	124.75
Actual Input size : 	128	Actual output size : 	91
Actual Input size : 	128	Actual output size : 	8
Actual Input size : 	128	Actual output size : 	136
Actual Input size : 	128	Actual output size : 	111.25
Actual Input size : 	128	Actual output size : 	91
Actual Input size : 	128	Actual output size : 	136
Actual Input size : 	128	Actual output size : 	28
Actual Input size : 	128	Actual output size : 	28
Actual Input size : 	128	Actual output size : 	28
Actual Input size : 	128	Actual output size : 	30.25
Actual Input size : 	128	Actual output size : 	132.625
Actual Input size : 	128	Actual output size : 	78.625
Actual Input size : 	128	Actual output size : 	28
Actual Input size : 	128	Actual output size : 	136
Actual Input size : 	128	Actual output size : 	41.5
Actual Input size : 	128	Actual output size : 	77.5
Actual Input size : 	128	Actual output size : 	30.25
Actual Input size : 	128	Actual output size : 	134.875
Actual Input size : 	128	Actual output size : 	136
Actual Input size : 	128	Actual output size : 	28
Actual Input size : 	128	Actual output size : 	28
Actual Input size : 	128	Actual output size : 	136
Actual Input size : 	128	Actual output size : 	136
Actual Input size : 	128	Actual output size : 	136
Actual Input size : 	128	Actual output size : 	28
Actual Input size : 	128	Actual output size : 	28
Actual Input size : 	128	Actual output size : 	28
Actual Input size : 	128	Actual output size : 	136
Actual Input size : 	128	Actual output size : 	102.25
Actual Input size : 	128	Actual output size : 	136
Actual Input size : 	128	Actual output size : 	28
Actual Input size : 	128	Actual output size : 	91
Actual Input size : 	128	Actual output size : 	91
Actual Input size : 	128	Actual output size : 	136
Actual Input size : 	128	Actual output size : 	118
Actual Input size : 	128	Actual output size : 	30.25
Actual Input size : 	128	Actual output size : 	57.25
Actual Input size : 	128	Actual output size : 	28
Actual Input size : 	128	Actual output size : 	114.625
Actual Input size : 	128	Actual output size : 	107.875
Actual Input size : 	128	Actual output size : 	136
Actual Input size : 	128	Actual output size : 	136
Actual Input size : 	128	Actual output size : 	60.625
Actual Input size : 	128	Actual output size : 	136
Actual Input size : 	128	Actual output size : 	97.75
Actual Input size : 	128	Actual output size : 	91
Actual Input size : 	128	Actual output size : 	60.625
Actual Input size : 	128	Actual output size : 	136
Actual Input size : 	128	Actual output size : 	136
Actual Input size : 	128	Actual output size : 	114.625
Actual Input size : 	128	Actual output size : 	77.5
Actual Input size : 	128	Actual output size : 	136
Actual Input size : 	128	Actual output size : 	28
Actual Input size : 	128	Actual output size : 	94.375
Actual Input size : 	128	Actual output size : 	28
Actual Input size : 	128	Actual output size : 	28
Actual Input size : 	128	Actual output size : 	136
Actual Input size : 	128	Actual output size : 	28
Actual Input size : 	128	Actual output size : 	28
Actual Input size : 	128	Actual output size : 	28
Actual Input size : 	128	Actual output size : 	28
Actual Input size : 	128	Actual output size : 	78.625
Actual Input size : 	128	Actual output size : 	28
Actual Input size : 	128	Actual output size : 	28
Actual Input size : 	128	Actual output size : 	28
Actual Input size : 	128	Actual output size : 	28
Actual Input size : 	128	Actual output size : 	132.625
Actual Input size : 	128	Actual output size : 	47.125
Actual Input size : 	128	Actual output size : 	136
Actual Input size : 	128	Actual output size : 	28
Actual Input size : 	128	Actual output size : 	28
Actual Input size : 	128	Actual output size : 	28
Actual Input size : 	128	Actual output size : 	28
Actual Input size : 	128	Actual output size : 	28
Actual Input size : 	128	Actual output size : 	28
Actual Input size : 	128	Actual output size : 	28
Actual Input size : 	128	Actual output size : 	28
Actual Input size : 	128	Actual output size : 	28
Actual Input size : 	128	Actual output size : 	28
Actual Input size : 	128	Actual output size : 	28
Actual Input size : 	128	Actual output size : 	28
Actual Input size : 	128	Actual output size : 	28
Actual Input size : 	128	Actual output size : 	28
Actual Input size : 	128	Actual output size : 	28
Actual Input size : 	128	Actual output size : 	28
Actual Input size : 	128	Actual output size : 	28
Actual Input size : 	128	Actual output size : 	28
Actual Input size : 	64	Actual output size : 	40
Actual Input size : 	64	Actual output size : 	35.75
Actual Input size : 	64	Actual output size : 	25
Actual Input size : 	64	Actual output size : 	32.375
Actual Input size : 	64	Actual output size : 	27.75
Actual Input size : 	64	Actual output size : 	27.125
Actual Input size : 	64	Actual output size : 	23.125
Actual Input size : 	64	Actual output size : 	27.75
Actual Input size : 	64	Actual output size : 	44
Actual Input size : 	64	Actual output size : 	39.125
Actual Input size : 	64	Actual output size : 	17
Actual Input size : 	64	Actual output size : 	30.5
Actual Input size : 	64	Actual output size : 	24.375
Actual Input size : 	64	Actual output size : 	24.375
Actual Input size : 	64	Actual output size : 	21
Actual Input size : 	64	Actual output size : 	30.5
Actual Input size : 	64	Actual output size : 	37.875
Actual Input size : 	64	Actual output size : 	35.75
Actual Input size : 	64	Actual output size : 	28.375
Actual Input size : 	64	Actual output size : 	24.375
Actual Input size : 	64	Actual output size : 	31.125
Actual Input size : 	64	Actual output size : 	25.625
Actual Input size : 	64	Actual output size : 	37.25
Actual Input size : 	64	Actual output size : 	44
Actual Input size : 	64	Actual output size : 	39.75
Actual Input size : 	64	Actual output size : 	31.125
Actual Input size : 	64	Actual output size : 	17
Actual Input size : 	64	Actual output size : 	26.5
Actual Input size : 	64	Actual output size : 	23.75
Actual Input size : 	64	Actual output size : 	25
Actual Input size : 	64	Actual output size : 	26.25
Actual Input size : 	64	Actual output size : 	21
Actual Input size : 	64	Actual output size : 	21.875
Actual Input size : 	64	Actual output size : 	39.75
Actual Input size : 	64	Actual output size : 	19.125
Actual Input size : 	64	Actual output size : 	37.25
Actual Input size : 	64	Actual output size : 	24.375
Actual Input size : 	64	Actual output size : 	25
Actual Input size : 	64	Actual output size : 	30.5
Actual Input size : 	64	Actual output size : 	28.375
Actual Input size : 	64	Actual output size : 	25
Actual Input size : 	64	Actual output size : 	34.5
Actual Input size : 	64	Actual output size : 	25
Actual Input size : 	64	Actual output size : 	60
Actual Input size : 	64	Actual output size : 	57.875
Actual Input size : 	64	Actual output size : 	54.5
Actual Input size : 	64	Actual output size : 	32.375
Actual Input size : 	64	Actual output size : 	21
Actual Input size : 	64	Actual output size : 	26.5
Actual Input size : 	64	Actual output size : 	38.5
Actual Input size : 	64	Actual output size : 	34.5
Actual Input size : 	64	Actual output size : 	25.25
Actual Input size : 	64	Actual output size : 	25.625
Actual Input size : 	64	Actual output size : 	14.25
Actual Input size : 	64	Actual output size : 	47.75
Actual Input size : 	64	Actual output size : 	23.125
Actual Input size : 	64	Actual output size : 	31.75
Actual Input size : 	64	Actual output size : 	27.125
Actual Input size : 	64	Actual output size : 	27.75
Actual Input size : 	64	Actual output size : 	31.75
Actual Input size : 	64	Actual output size : 	41.25
Actual Input size : 	64	Actual output size : 	26.5
Actual Input size : 	64	Actual output size : 	24.375
Actual Input size : 	64	Actual output size : 	54.5
Actual Input size : 	64	Actual output size : 	27.125
Actual Input size : 	64	Actual output size : 	36.375
Actual Input size : 	64	Actual output size : 	19.75
Actual Input size : 	64	Actual output size : 	31.125
Actual Input size : 	64	Actual output size : 	17.625
Actual Input size : 	64	Actual output size : 	37
Actual Input size : 	64	Actual output size : 	37.25
Actual Input size : 	64	Actual output size : 	27.125
Actual Input size : 	64	Actual output size : 	24.375
Actual Input size : 	64	Actual output size : 	27.75
Actual Input size : 	64	Actual output size : 	27.75
Actual Input size : 	64	Actual output size : 	17.625
Actual Input size : 	64	Actual output size : 	17
Actual Input size : 	64	Actual output size : 	24.375
Actual Input size : 	64	Actual output size : 	23.125
Actual Input size : 	64	Actual output size : 	32.625
Actual Input size : 	64	Actual output size : 	23.125
Actual Input size : 	64	Actual output size : 	22.25
Actual Input size : 	64	Actual output size : 	14
Actual Input size : 	64	Actual output size : 	20.375
Actual Input size : 	64	Actual output size : 	23.75
Actual Input size : 	64	Actual output size : 	20.75
Actual Input size : 	64	Actual output size : 	29
Actual Input size : 	64	Actual output size : 	27.75
Actual Input size : 	64	Actual output size : 	25.625
Actual Input size : 	64	Actual output size : 	31.125
Actual Input size : 	64	Actual output size : 	45.25
Actual Input size : 	64	Actual output size : 	28.375
Actual Input size : 	64	Actual output size : 	24.375
Actual Input size : 	64	Actual output size : 	24.375
Actual Input size : 	64	Actual output size : 	37.25
Actual Input size : 	64	Actual output size : 	25
Actual Input size : 	64	Actual output size : 	32.375
Actual Input size : 	64	Actual output size : 	17
Actual Input size : 	64	Actual output size : 	23.75
Actual Input size : 	64	Actual output size : 	48.625
Actual Input size : 	64	Actual output size : 	19.75
Actual Input size : 	64	Actual output size : 	35.75
Actual Input size : 	64	Actual output size : 	19.75
Actual Input size : 	64	Actual output size : 	22.25
Actual Input size : 	64	Actual output size : 	29
Actual Input size : 	64	Actual output size : 	27.75
Actual Input size : 	64	Actual output size : 	24.375
Actual Input size : 	64	Actual output size : 	28.375
Actual Input size : 	64	Actual output size : 	44
Actual Input size : 	64	Actual output size : 	27.75
Actual Input size : 	64	Actual output size : 	26.5
Actual Input size : 	64	Actual output size : 	19.125
Actual Input size : 	64	Actual output size : 	23.5
Actual Input size : 	64	Actual output size : 	14.875
Actual Input size : 	64	Actual output size : 	30.25
Actual Input size : 	64	Actual output size : 	27.75
Actual Input size : 	64	Actual output size : 	57.875
Actual Input size : 	64	Actual output size : 	24.375
Actual Input size : 	64	Actual output size : 	45.25
Actual Input size : 	64	Actual output size : 	24.375
Actual Input size : 	64	Actual output size : 	32.375
Actual Input size : 	64	Actual output size : 	22.25
Actual Input size : 	64	Actual output size : 	24.375
Actual Input size : 	64	Actual output size : 	37.25
Actual Input size : 	64	Actual output size : 	22.875
Actual Input size : 	64	Actual output size : 	26.875
Actual Input size : 	64	Actual output size : 	30.5
Actual Input size : 	64	Actual output size : 	28.625
Actual Input size : 	64	Actual output size : 	24.375
Actual Input size : 	64	Actual output size : 	21
Actual Input size : 	64	Actual output size : 	17.625
Actual Input size : 	64	Actual output size : 	17.375
Actual Input size : 	64	Actual output size : 	27.75
Actual Input size : 	64	Actual output size : 	31.75
Actual Input size : 	64	Actual output size : 	21.375
Actual Input size : 	64	Actual output size : 	29
Actual Input size : 	64	Actual output size : 	19.75
Actual Input size : 	64	Actual output size : 	24.375
Actual Input size : 	64	Actual output size : 	44.625
Actual Input size : 	64	Actual output size : 	18.5
Actual Input size : 	64	Actual output size : 	31.125
Actual Input size : 	64	Actual output size : 	47.125
Actual Input size : 	64	Actual output size : 	24.375
Actual Input size : 	64	Actual output size : 	30.5
Actual Input size : 	64	Actual output size : 	28.375
Actual Input size : 	64	Actual output size : 	24.375
Actual Input size : 	64	Actual output size : 	31.125
Actual Input size : 	64	Actual output size : 	29
Actual Input size : 	64	Actual output size : 	24.375
Actual Input size : 	64	Actual output size : 	25
Actual Input size : 	64	Actual output size : 	29
Actual Input size : 	64	Actual output size : 	25
Actual Input size : 	64	Actual output size : 	60
Actual Input size : 	64	Actual output size : 	12.75
Actual Input size : 	64	Actual output size : 	38.5
Actual Input size : 	64	Actual output size : 	30.5
Actual Input size : 	64	Actual output size : 	41.25
Actual Input size : 	64	Actual output size : 	14
Actual Input size : 	64	Actual output size : 	34.5
Actual Input size : 	64	Actual output size : 	37.25
Actual Input size : 	64	Actual output size : 	35.75
Actual Input size : 	64	Actual output size : 	23.75
Actual Input size : 	64	Actual output size : 	18.5
Actual Input size : 	64	Actual output size : 	16.375
Actual Input size : 	64	Actual output size : 	25
Actual Input size : 	64	Actual output size : 	15.75
Actual Input size : 	64	Actual output size : 	23.125
Actual Input size : 	64	Actual output size : 	23.75
Actual Input size : 	64	Actual output size : 	34.5
Actual Input size : 	64	Actual output size : 	30.5
Actual Input size : 	64	Actual output size : 	17
Actual Input size : 	64	Actual output size : 	31.125
Actual Input size : 	64	Actual output size : 	64.625
Actual Input size : 	64	Actual output size : 	21.875
Actual Input size : 	64	Actual output size : 	24.375
Actual Input size : 	64	Actual output size : 	60
Actual Input size : 	64	Actual output size : 	30.5
Actual Input size : 	64	Actual output size : 	41
Actual Input size : 	64	Actual output size : 	37.25
Actual Input size : 	64	Actual output size : 	33.25
Actual Input size : 	64	Actual output size : 	38.5
Actual Input size : 	64	Actual output size : 	54.5
Actual Input size : 	64	Actual output size : 	25
Actual Input size : 	64	Actual output size : 	9.875
Actual Input size : 	64	Actual output size : 	25
Actual Input size : 	64	Actual output size : 	23.75
Actual Input size : 	64	Actual output size : 	25
Actual Input size : 	64	Actual output size : 	25
Actual Input size : 	64	Actual output size : 	17
Actual Input size : 	64	Actual output size : 	12.75
Actual Input size : 	64	Actual output size : 	60
Actual Input size : 	64	Actual output size : 	60
Actual Input size : 	64	Actual output size : 	25.875
Actual Input size : 	64	Actual output size : 	22.5
Actual Input size : 	64	Actual output size : 	17
Actual Input size : 	64	Actual output size : 	17
Actual Input size : 	64	Actual output size : 	17
Actual Input size : 	64	Actual output size : 	20.375
Actual Input size : 	64	Actual output size : 	29.875
Actual Input size : 	64	Actual output size : 	28.375
Actual Input size : 	64	Actual output size : 	20.375
Actual Input size : 	64	Actual output size : 	20.375
Actual Input size : 	64	Actual output size : 	61.25
Actual Input size : 	64	Actual output size : 	35.75
Actual Input size : 	64	Actual output size : 	25
Actual Input size : 	64	Actual output size : 	14
Actual Input size : 	64	Actual output size : 	30.5
Actual Input size : 	64	Actual output size : 	29.25
Actual Input size : 	64	Actual output size : 	41.875
Actual Input size : 	64	Actual output size : 	25
Actual Input size : 	64	Actual output size : 	27.75
Actual Input size : 	64	Actual output size : 	22.5
Actual Input size : 	64	Actual output size : 	35.125
Actual Input size : 	64	Actual output size : 	60
Actual Input size : 	64	Actual output size : 	23.75
Actual Input size : 	64	Actual output size : 	29.875
Actual Input size : 	64	Actual output size : 	25
Actual Input size : 	64	Actual output size : 	15.75
Actual Input size : 	64	Actual output size : 	25
Actual Input size : 	64	Actual output size : 	28.375
Actual Input size : 	64	Actual output size : 	60
Actual Input size : 	64	Actual output size : 	60
Actual Input size : 	64	Actual output size : 	38.5
Actual Input size : 	64	Actual output size : 	17
Actual Input size : 	64	Actual output size : 	29.25
Actual Input size : 	64	Actual output size : 	17
Actual Input size : 	64	Actual output size : 	25.875
Actual Input size : 	64	Actual output size : 	35.75
Actual Input size : 	64	Actual output size : 	23.75
Actual Input size : 	64	Actual output size : 	10.25
Actual Input size : 	64	Actual output size : 	10.25
Actual Input size : 	64	Actual output size : 	21.625
Actual Input size : 	64	Actual output size : 	27.875
Actual Input size : 	64	Actual output size : 	35.125
Actual Input size : 	64	Actual output size : 	33
Actual Input size : 	64	Actual output size : 	33.875
Actual Input size : 	64	Actual output size : 	29.25
Actual Input size : 	64	Actual output size : 	27.125
Actual Input size : 	64	Actual output size : 	25
Actual Input size : 	64	Actual output size : 	33.875
Actual Input size : 	64	Actual output size : 	18.25
Actual Input size : 	64	Actual output size : 	30.5
Actual Input size : 	64	Actual output size : 	23.125
Actual Input size : 	64	Actual output size : 	16.375
Actual Input size : 	64	Actual output size : 	18.25
Actual Input size : 	64	Actual output size : 	35.75
Actual Input size : 	64	Actual output size : 	22.5
Actual Input size : 	64	Actual output size : 	22.5
Actual Input size : 	64	Actual output size : 	61.25
Actual Input size : 	64	Actual output size : 	37.25
Actual Input size : 	64	Actual output size : 	61.25
Actual Input size : 	64	Actual output size : 	22.25
Actual Input size : 	64	Actual output size : 	27.125
Actual Input size : 	64	Actual output size : 	22.5
Actual Input size : 	64	Actual output size : 	17
Actual Input size : 	64	Actual output size : 	30.5
Actual Input size : 	64	Actual output size : 	20.375
Actual Input size : 	64	Actual output size : 	10.25
Actual Input size : 	64	Actual output size : 	61.25
Actual Input size : 	64	Actual output size : 	20.375
Actual Input size : 	64	Actual output size : 	15.75
Actual Input size : 	64	Actual output size : 	23.125
Actual Input size : 	64	Actual output size : 	34.25
Actual Input size : 	64	Actual output size : 	26.5
Actual Input size : 	64	Actual output size : 	27.75
Actual Input size : 	64	Actual output size : 	27.125
Actual Input size : 	64	Actual output size : 	30.5
Actual Input size : 	64	Actual output size : 	68
Actual Input size : 	64	Actual output size : 	17
Actual Input size : 	64	Actual output size : 	20.375
Actual Input size : 	64	Actual output size : 	15.75
Actual Input size : 	64	Actual output size : 	54.5
Actual Input size : 	64	Actual output size : 	30.5
Actual Input size : 	64	Actual output size : 	26.25
Actual Input size : 	64	Actual output size : 	26.5
Actual Input size : 	64	Actual output size : 	22.5
Actual Input size : 	64	Actual output size : 	10.25
Actual Input size : 	64	Actual output size : 	16.5
Actual Input size : 	64	Actual output size : 	26.5
Actual Input size : 	64	Actual output size : 	29.25
Actual Input size : 	64	Actual output size : 	37.25
Actual Input size : 	64	Actual output size : 	17
Actual Input size : 	64	Actual output size : 	27.75
Actual Input size : 	64	Actual output size : 	13
Actual Input size : 	64	Actual output size : 	29.25
Actual Input size : 	64	Actual output size : 	54.5
Actual Input size : 	64	Actual output size : 	9
Actual Input size : 	64	Actual output size : 	17
Actual Input size : 	64	Actual output size : 	23.75
Actual Input size : 	64	Actual output size : 	64.625
Actual Input size : 	64	Actual output size : 	35.75
Actual Input size : 	64	Actual output size : 	64.625
Actual Input size : 	64	Actual output size : 	29
Actual Input size : 	64	Actual output size : 	60
Actual Input size : 	64	Actual output size : 	60
Actual Input size : 	64	Actual output size : 	60
Actual Input size : 	64	Actual output size : 	60
Actual Input size : 	64	Actual output size : 	12.75
Actual Input size : 	64	Actual output size : 	20.75
Actual Input size : 	64	Actual output size : 	17.375
Actual Input size : 	64	Actual output size : 	60
Actual Input size : 	64	Actual output size : 	12.75
Actual Input size : 	64	Actual output size : 	20.75
Actual Input size : 	64	Actual output size : 	12.75
Actual Input size : 	64	Actual output size : 	12.75
Actual Input size : 	64	Actual output size : 	60
Actual Input size : 	64	Actual output size : 	12.75
Actual Input size : 	64	Actual output size : 	37.25
Actual Input size : 	64	Actual output size : 	29.875
Actual Input size : 	64	Actual output size : 	20.75
Actual Input size : 	64	Actual output size : 	31.75
Actual Input size : 	64	Actual output size : 	23.125
Actual Input size : 	64	Actual output size : 	12.75
Actual Input size : 	64	Actual output size : 	12.75
Actual Input size : 	64	Actual output size : 	15.125
Actual Input size : 	64	Actual output size : 	12.75
Actual Input size : 	64	Actual output size : 	60
Actual Input size : 	64	Actual output size : 	26.5
Actual Input size : 	64	Actual output size : 	60
Actual Input size : 	64	Actual output size : 	60
Actual Input size : 	64	Actual output size : 	12.75
Actual Input size : 	64	Actual output size : 	20.75
Actual Input size : 	64	Actual output size : 	12.75
Actual Input size : 	64	Actual output size : 	60
Actual Input size : 	64	Actual output size : 	31.75
Actual Input size : 	64	Actual output size : 	60
Actual Input size : 	64	Actual output size : 	12.75
Actual Input size : 	64	Actual output size : 	29.875
Actual Input size : 	64	Actual output size : 	35.75
Actual Input size : 	64	Actual output size : 	27.25
Actual Input size : 	64	Actual output size : 	21.625
Actual Input size : 	64	Actual output size : 	19.125
Actual Input size : 	64	Actual output size : 	21.875
Actual Input size : 	64	Actual output size : 	60
Actual Input size : 	64	Actual output size : 	12.75
Actual Input size : 	64	Actual output size : 	52
Actual Input size : 	64	Actual output size : 	60
Actual Input size : 	64	Actual output size : 	23.75
Actual Input size : 	64	Actual output size : 	17
Actual Input size : 	64	Actual output size : 	22.5
Actual Input size : 	64	Actual output size : 	15.75
Actual Input size : 	64	Actual output size : 	12.75
Actual Input size : 	64	Actual output size : 	37.25
Actual Input size : 	64	Actual output size : 	23.125
Actual Input size : 	64	Actual output size : 	25
Actual Input size : 	64	Actual output size : 	29.875
Actual Input size : 	64	Actual output size : 	25.875
Actual Input size : 	64	Actual output size : 	40.625
Actual Input size : 	64	Actual output size : 	20.375
Actual Input size : 	64	Actual output size : 	37.25
Actual Input size : 	64	Actual output size : 	25
Actual Input size : 	64	Actual output size : 	15.75
Actual Input size : 	64	Actual output size : 	19.125
Actual Input size : 	64	Actual output size : 	23.75
Actual Input size : 	64	Actual output size : 	25
Actual Input size : 	64	Actual output size : 	37.25
Actual Input size : 	64	Actual output size : 	33.875
Actual Input size : 	64	Actual output size : 	60
Actual Input size : 	64	Actual output size : 	60
Actual Input size : 	64	Actual output size : 	60
Actual Input size : 	64	Actual output size : 	60
Actual Input size : 	64	Actual output size : 	60
Actual Input size : 	64	Actual output size : 	40
Actual Input size : 	64	Actual output size : 	60
Actual Input size : 	64	Actual output size : 	12.75
Actual Input size : 	64	Actual output size : 	30.5
Actual Input size : 	64	Actual output size : 	12.75
Actual Input size : 	64	Actual output size : 	37.875
Actual Input size : 	64	Actual output size : 	12.75
Actual Input size : 	64	Actual output size : 	20.375
Actual Input size : 	64	Actual output size : 	12.75
Actual Input size : 	64	Actual output size : 	60
Actual Input size : 	64	Actual output size : 	16.375
Actual Input size : 	64	Actual output size : 	12.75
Actual Input size : 	64	Actual output size : 	12.75
Actual Input size : 	64	Actual output size : 	12.75
Actual Input size : 	64	Actual output size : 	21.875
Actual Input size : 	64	Actual output size : 	60
Actual Input size : 	64	Actual output size : 	60
Actual Input size : 	64	Actual output size : 	60
Actual Input size : 	64	Actual output size : 	12.75
Actual Input size : 	64	Actual output size : 	12.75
Actual Input size : 	64	Actual output size : 	12.75
Actual Input size : 	64	Actual output size : 	36
Actual Input size : 	64	Actual output size : 	60
Actual Input size : 	64	Actual output size : 	12.75
Actual Input size : 	64	Actual output size : 	12.75
Actual Input size : 	64	Actual output size : 	12.75
Actual Input size : 	64	Actual output size : 	12.75
Actual Input size : 	64	Actual output size : 	12.75
Actual Input size : 	64	Actual output size : 	12.75
Actual Input size : 	64	Actual output size : 	45.25
Actual Input size : 	64	Actual output size : 	12.75
Actual Input size : 	64	Actual output size : 	25
Actual Input size : 	64	Actual output size : 	12.75
Actual Input size : 	64	Actual output size : 	20.75
Actual Input size : 	64	Actual output size : 	14
Actual Input size : 	64	Actual output size : 	12.75
Actual Input size : 	64	Actual output size : 	12.75
Actual Input size : 	64	Actual output size : 	12.75
Actual Input size : 	64	Actual output size : 	12.75
Actual Input size : 	64	Actual output size : 	12.75
Actual Input size : 	64	Actual output size : 	12.75
Actual Input size : 	64	Actual output size : 	12.75
Actual Input size : 	64	Actual output size : 	12.75
Actual Input size : 	64	Actual output size : 	12.75
Actual Input size : 	64	Actual output size : 	12.75
Actual Input size : 	64	Actual output size : 	12.75
Actual Input size : 	64	Actual output size : 	12.75
Actual Input size : 	64	Actual output size : 	12.75
Actual Input size : 	64	Actual output size : 	60
Actual Input size : 	64	Actual output size : 	12.75
Actual Input size : 	64	Actual output size : 	12.75
Actual Input size : 	64	Actual output size : 	12.75
Actual Input size : 	64	Actual output size : 	12.75
Actual Input size : 	64	Actual output size : 	17.375
Actual Input size : 	64	Actual output size : 	12.75
Actual Input size : 	64	Actual output size : 	12.75
Actual Input size : 	64	Actual output size : 	14
Actual Input size : 	64	Actual output size : 	12.75
Actual Input size : 	64	Actual output size : 	12.75
Actual Input size : 	64	Actual output size : 	12.75
Actual Input size : 	64	Actual output size : 	12.75
Actual Input size : 	64	Actual output size : 	12.75
Actual Input size : 	64	Actual output size : 	12.75
Actual Input size : 	64	Actual output size : 	12.75
Actual Input size : 	64	Actual output size : 	12.75
Actual Input size : 	64	Actual output size : 	17.375
Actual Input size : 	64	Actual output size : 	36
Actual Input size : 	64	Actual output size : 	60
Actual Input size : 	64	Actual output size : 	18.25
Actual Input size : 	64	Actual output size : 	12.75
Actual Input size : 	64	Actual output size : 	12.75
Actual Input size : 	64	Actual output size : 	60
Actual Input size : 	64	Actual output size : 	54.5
Actual Input size : 	64	Actual output size : 	60
Actual Input size : 	64	Actual output size : 	60
Actual Input size : 	64	Actual output size : 	12.75
Actual Input size : 	64	Actual output size : 	60
Actual Input size : 	64	Actual output size : 	60
Actual Input size : 	64	Actual output size : 	60
Actual Input size : 	64	Actual output size : 	37.25
Actual Input size : 	64	Actual output size : 	60
Actual Input size : 	64	Actual output size : 	60
Actual Input size : 	64	Actual output size : 	12.75
Actual Input size : 	64	Actual output size : 	60
Actual Input size : 	64	Actual output size : 	44
Actual Input size : 	64	Actual output size : 	27.125
Actual Input size : 	128	Actual output size : 	129.25
Actual Input size : 	128	Actual output size : 	69.25
Actual Input size : 	128	Actual output size : 	37
Actual Input size : 	128	Actual output size : 	129.25
Actual Input size : 	128	Actual output size : 	41.5
Actual Input size : 	128	Actual output size : 	58.25
Actual Input size : 	128	Actual output size : 	136
Actual Input size : 	128	Actual output size : 	74.5
Actual Input size : 	128	Actual output size : 	27.25
Actual Input size : 	128	Actual output size : 	58.25
Actual Input size : 	128	Actual output size : 	34
Actual Input size : 	128	Actual output size : 	17.25
Actual Input size : 	128	Actual output size : 	51.75
Actual Input size : 	128	Actual output size : 	53
Actual Input size : 	128	Actual output size : 	10.5
Actual Input size : 	128	Actual output size : 	33.125
Actual Input size : 	128	Actual output size : 	45.625
Actual Input size : 	128	Actual output size : 	17.25
Actual Input size : 	128	Actual output size : 	47.25
Actual Input size : 	128	Actual output size : 	50.875
Actual Input size : 	128	Actual output size : 	59.75
Actual Input size : 	128	Actual output size : 	49.875
Actual Input size : 	128	Actual output size : 	136
Actual Input size : 	128	Actual output size : 	72
Actual Input size : 	128	Actual output size : 	26.5
Actual Input size : 	128	Actual output size : 	56.125
Actual Input size : 	128	Actual output size : 	65
Actual Input size : 	128	Actual output size : 	72
Actual Input size : 	128	Actual output size : 	45.625
Actual Input size : 	128	Actual output size : 	94.5
Actual Input size : 	128	Actual output size : 	43.125
Actual Input size : 	128	Actual output size : 	39.25
Actual Input size : 	128	Actual output size : 	46
Actual Input size : 	128	Actual output size : 	69.875
Actual Input size : 	128	Actual output size : 	36.375
Actual Input size : 	128	Actual output size : 	49
Actual Input size : 	128	Actual output size : 	51.125
Actual Input size : 	128	Actual output size : 	42.25
Actual Input size : 	128	Actual output size : 	45.625
Actual Input size : 	128	Actual output size : 	136
Actual Input size : 	128	Actual output size : 	62.5
Actual Input size : 	128	Actual output size : 	49
Actual Input size : 	128	Actual output size : 	73.25
Actual Input size : 	128	Actual output size : 	136
Actual Input size : 	128	Actual output size : 	12
Actual Input size : 	128	Actual output size : 	66.5
Actual Input size : 	128	Actual output size : 	61.625
Actual Input size : 	128	Actual output size : 	42.875
Actual Input size : 	128	Actual output size : 	59.125
Actual Input size : 	128	Actual output size : 	136
Actual Input size : 	128	Actual output size : 	49.625
Actual Input size : 	128	Actual output size : 	47.75
Actual Input size : 	128	Actual output size : 	129.25
Actual Input size : 	128	Actual output size : 	53
Actual Input size : 	128	Actual output size : 	31.875
Actual Input size : 	128	Actual output size : 	50.625
Actual Input size : 	128	Actual output size : 	31.5
Actual Input size : 	128	Actual output size : 	51.5
Actual Input size : 	128	Actual output size : 	76.5
Actual Input size : 	128	Actual output size : 	122.5
Actual Input size : 	128	Actual output size : 	52.375
Actual Input size : 	128	Actual output size : 	49.375
Actual Input size : 	128	Actual output size : 	44.375
Actual Input size : 	128	Actual output size : 	53.625
Actual Input size : 	128	Actual output size : 	30.875
Actual Input size : 	128	Actual output size : 	45.625
Actual Input size : 	128	Actual output size : 	45.625
Actual Input size : 	128	Actual output size : 	54.25
Actual Input size : 	128	Actual output size : 	42.25
Actual Input size : 	128	Actual output size : 	17.25
Actual Input size : 	128	Actual output size : 	55.75
Actual Input size : 	128	Actual output size : 	43.75
Actual Input size : 	128	Actual output size : 	41.625
Actual Input size : 	128	Actual output size : 	42.625
Actual Input size : 	128	Actual output size : 	56.375
Actual Input size : 	128	Actual output size : 	45.625
Actual Input size : 	128	Actual output size : 	69.75
Actual Input size : 	128	Actual output size : 	39.5
Actual Input size : 	128	Actual output size : 	73.25
Actual Input size : 	128	Actual output size : 	122.5
Actual Input size : 	128	Actual output size : 	55.125
Actual Input size : 	128	Actual output size : 	71.5
Actual Input size : 	128	Actual output size : 	39.75
Actual Input size : 	128	Actual output size : 	52.375
Actual Input size : 	128	Actual output size : 	36.375
Actual Input size : 	128	Actual output size : 	61.625
Actual Input size : 	128	Actual output size : 	63.125
Actual Input size : 	128	Actual output size : 	136
Actual Input size : 	128	Actual output size : 	59.125
Actual Input size : 	128	Actual output size : 	8
Actual Input size : 	128	Actual output size : 	70.5
Actual Input size : 	128	Actual output size : 	62.5
Actual Input size : 	128	Actual output size : 	136
Actual Input size : 	128	Actual output size : 	66.5
Actual Input size : 	128	Actual output size : 	70.5
Actual Input size : 	128	Actual output size : 	8
Actual Input size : 	128	Actual output size : 	41.625
Actual Input size : 	128	Actual output size : 	136
Actual Input size : 	128	Actual output size : 	50.5
Actual Input size : 	128	Actual output size : 	38.25
Actual Input size : 	128	Actual output size : 	40.75
Actual Input size : 	128	Actual output size : 	29.375
Actual Input size : 	128	Actual output size : 	85
Actual Input size : 	128	Actual output size : 	10.5
Actual Input size : 	128	Actual output size : 	69.875
Actual Input size : 	128	Actual output size : 	53.875
Actual Input size : 	128	Actual output size : 	136
Actual Input size : 	128	Actual output size : 	59.125
Actual Input size : 	128	Actual output size : 	41
Actual Input size : 	128	Actual output size : 	49
Actual Input size : 	128	Actual output size : 	40.75
Actual Input size : 	128	Actual output size : 	122.5
