 Fits Input : 	2	Flit output : 	0.28125
 Fits Input : 	2	Flit output : 	0.308594
 Fits Input : 	2	Flit output : 	0.320312
 Fits Input : 	2	Flit output : 	0.320312
 Fits Input : 	2	Flit output : 	0.320312
 Fits Input : 	2	Flit output : 	0.320312
 Fits Input : 	2	Flit output : 	0.320312
 Fits Input : 	2	Flit output : 	0.398438
 Fits Input : 	2	Flit output : 	0.398438
 Fits Input : 	2	Flit output : 	0.398438
 Fits Input : 	2	Flit output : 	0.398438
 Fits Input : 	2	Flit output : 	0.398438
 Fits Input : 	2	Flit output : 	0.398438
 Fits Input : 	2	Flit output : 	0.398438
 Fits Input : 	2	Flit output : 	0.398438
 Fits Input : 	2	Flit output : 	0.398438
 Fits Input : 	2	Flit output : 	0.398438
 Fits Input : 	2	Flit output : 	0.398438
 Fits Input : 	2	Flit output : 	0.398438
 Fits Input : 	2	Flit output : 	0.398438
 Fits Input : 	2	Flit output : 	0.398438
 Fits Input : 	2	Flit output : 	0.398438
 Fits Input : 	2	Flit output : 	0.398438
 Fits Input : 	2	Flit output : 	0.398438
 Fits Input : 	2	Flit output : 	0.398438
 Fits Input : 	2	Flit output : 	0.398438
 Fits Input : 	2	Flit output : 	0.398438
 Fits Input : 	2	Flit output : 	0.398438
 Fits Input : 	2	Flit output : 	0.398438
 Fits Input : 	2	Flit output : 	0.398438
 Fits Input : 	2	Flit output : 	0.398438
 Fits Input : 	2	Flit output : 	0.398438
 Fits Input : 	2	Flit output : 	0.398438
 Fits Input : 	2	Flit output : 	0.398438
 Fits Input : 	2	Flit output : 	0.398438
 Fits Input : 	2	Flit output : 	0.398438
 Fits Input : 	2	Flit output : 	0.398438
 Fits Input : 	2	Flit output : 	0.398438
 Fits Input : 	2	Flit output : 	0.398438
 Fits Input : 	2	Flit output : 	0.398438
 Fits Input : 	2	Flit output : 	0.398438
 Fits Input : 	2	Flit output : 	0.398438
 Fits Input : 	2	Flit output : 	0.398438
 Fits Input : 	2	Flit output : 	0.398438
 Fits Input : 	2	Flit output : 	0.398438
 Fits Input : 	2	Flit output : 	0.398438
 Fits Input : 	2	Flit output : 	0.398438
 Fits Input : 	2	Flit output : 	0.398438
 Fits Input : 	2	Flit output : 	0.398438
 Fits Input : 	2	Flit output : 	0.398438
 Fits Input : 	2	Flit output : 	0.398438
 Fits Input : 	2	Flit output : 	0.398438
 Fits Input : 	2	Flit output : 	0.398438
 Fits Input : 	2	Flit output : 	0.398438
 Fits Input : 	2	Flit output : 	0.398438
 Fits Input : 	2	Flit output : 	0.398438
 Fits Input : 	2	Flit output : 	0.398438
 Fits Input : 	2	Flit output : 	0.398438
 Fits Input : 	2	Flit output : 	0.398438
 Fits Input : 	2	Flit output : 	0.398438
 Fits Input : 	2	Flit output : 	0.398438
 Fits Input : 	2	Flit output : 	0.398438
 Fits Input : 	2	Flit output : 	0.398438
 Fits Input : 	2	Flit output : 	0.398438
 Fits Input : 	2	Flit output : 	0.398438
 Fits Input : 	2	Flit output : 	0.398438
 Fits Input : 	2	Flit output : 	0.398438
 Fits Input : 	2	Flit output : 	0.398438
 Fits Input : 	2	Flit output : 	0.398438
 Fits Input : 	2	Flit output : 	0.398438
 Fits Input : 	2	Flit output : 	0.398438
 Fits Input : 	2	Flit output : 	0.398438
 Fits Input : 	2	Flit output : 	0.398438
 Fits Input : 	2	Flit output : 	0.398438
 Fits Input : 	2	Flit output : 	0.398438
 Fits Input : 	2	Flit output : 	0.398438
 Fits Input : 	2	Flit output : 	0.398438
 Fits Input : 	2	Flit output : 	0.398438
 Fits Input : 	2	Flit output : 	0.398438
 Fits Input : 	2	Flit output : 	0.398438
 Fits Input : 	2	Flit output : 	0.40625
 Fits Input : 	2	Flit output : 	0.4375
 Fits Input : 	2	Flit output : 	0.4375
 Fits Input : 	2	Flit output : 	0.4375
 Fits Input : 	2	Flit output : 	0.4375
 Fits Input : 	2	Flit output : 	0.4375
 Fits Input : 	2	Flit output : 	0.4375
 Fits Input : 	2	Flit output : 	0.4375
 Fits Input : 	2	Flit output : 	0.4375
 Fits Input : 	2	Flit output : 	0.445312
 Fits Input : 	2	Flit output : 	0.445312
 Fits Input : 	2	Flit output : 	0.464844
 Fits Input : 	2	Flit output : 	0.472656
 Fits Input : 	2	Flit output : 	0.492188
 Fits Input : 	2	Flit output : 	0.492188
 Fits Input : 	2	Flit output : 	0.492188
 Fits Input : 	2	Flit output : 	0.492188
 Fits Input : 	2	Flit output : 	0.492188
 Fits Input : 	2	Flit output : 	0.492188
 Fits Input : 	2	Flit output : 	0.511719
 Fits Input : 	2	Flit output : 	0.511719
 Fits Input : 	2	Flit output : 	0.511719
 Fits Input : 	2	Flit output : 	0.515625
 Fits Input : 	2	Flit output : 	0.53125
 Fits Input : 	2	Flit output : 	0.53125
 Fits Input : 	2	Flit output : 	0.53125
 Fits Input : 	2	Flit output : 	0.53125
 Fits Input : 	2	Flit output : 	0.53125
 Fits Input : 	2	Flit output : 	0.53125
 Fits Input : 	2	Flit output : 	0.53125
 Fits Input : 	2	Flit output : 	0.53125
 Fits Input : 	2	Flit output : 	0.53125
 Fits Input : 	2	Flit output : 	0.53125
 Fits Input : 	2	Flit output : 	0.53125
 Fits Input : 	2	Flit output : 	0.53125
 Fits Input : 	2	Flit output : 	0.53125
 Fits Input : 	2	Flit output : 	0.53125
 Fits Input : 	2	Flit output : 	0.53125
 Fits Input : 	2	Flit output : 	0.53125
 Fits Input : 	2	Flit output : 	0.53125
 Fits Input : 	2	Flit output : 	0.542969
 Fits Input : 	2	Flit output : 	0.542969
 Fits Input : 	2	Flit output : 	0.542969
 Fits Input : 	2	Flit output : 	0.542969
 Fits Input : 	2	Flit output : 	0.550781
 Fits Input : 	2	Flit output : 	0.550781
 Fits Input : 	2	Flit output : 	0.550781
 Fits Input : 	2	Flit output : 	0.570312
 Fits Input : 	2	Flit output : 	0.570312
 Fits Input : 	2	Flit output : 	0.570312
 Fits Input : 	2	Flit output : 	0.570312
 Fits Input : 	2	Flit output : 	0.570312
 Fits Input : 	2	Flit output : 	0.570312
 Fits Input : 	2	Flit output : 	0.570312
 Fits Input : 	2	Flit output : 	0.570312
 Fits Input : 	2	Flit output : 	0.570312
 Fits Input : 	2	Flit output : 	0.570312
 Fits Input : 	2	Flit output : 	0.570312
 Fits Input : 	2	Flit output : 	0.570312
 Fits Input : 	2	Flit output : 	0.570312
 Fits Input : 	2	Flit output : 	0.570312
 Fits Input : 	2	Flit output : 	0.570312
 Fits Input : 	2	Flit output : 	0.570312
 Fits Input : 	2	Flit output : 	0.570312
 Fits Input : 	2	Flit output : 	0.570312
 Fits Input : 	2	Flit output : 	0.570312
 Fits Input : 	2	Flit output : 	0.570312
 Fits Input : 	2	Flit output : 	0.578125
 Fits Input : 	2	Flit output : 	0.578125
 Fits Input : 	2	Flit output : 	0.578125
 Fits Input : 	2	Flit output : 	0.597656
 Fits Input : 	2	Flit output : 	0.597656
 Fits Input : 	2	Flit output : 	0.597656
 Fits Input : 	2	Flit output : 	0.597656
 Fits Input : 	2	Flit output : 	0.617188
 Fits Input : 	2	Flit output : 	0.617188
 Fits Input : 	2	Flit output : 	0.617188
 Fits Input : 	2	Flit output : 	0.617188
 Fits Input : 	2	Flit output : 	0.636719
 Fits Input : 	2	Flit output : 	0.636719
 Fits Input : 	2	Flit output : 	0.636719
 Fits Input : 	2	Flit output : 	0.636719
 Fits Input : 	2	Flit output : 	0.636719
 Fits Input : 	2	Flit output : 	0.636719
 Fits Input : 	2	Flit output : 	0.636719
 Fits Input : 	2	Flit output : 	0.636719
 Fits Input : 	2	Flit output : 	0.636719
 Fits Input : 	2	Flit output : 	0.648438
 Fits Input : 	2	Flit output : 	0.648438
 Fits Input : 	2	Flit output : 	0.648438
 Fits Input : 	2	Flit output : 	0.648438
 Fits Input : 	2	Flit output : 	0.648438
 Fits Input : 	2	Flit output : 	0.648438
 Fits Input : 	2	Flit output : 	0.65625
 Fits Input : 	2	Flit output : 	0.65625
 Fits Input : 	2	Flit output : 	0.65625
 Fits Input : 	2	Flit output : 	0.65625
 Fits Input : 	2	Flit output : 	0.65625
 Fits Input : 	2	Flit output : 	0.667969
 Fits Input : 	2	Flit output : 	0.675781
 Fits Input : 	2	Flit output : 	0.675781
 Fits Input : 	2	Flit output : 	0.683594
 Fits Input : 	2	Flit output : 	0.683594
 Fits Input : 	2	Flit output : 	0.683594
 Fits Input : 	2	Flit output : 	0.683594
 Fits Input : 	2	Flit output : 	0.695312
 Fits Input : 	2	Flit output : 	0.695312
 Fits Input : 	2	Flit output : 	0.695312
 Fits Input : 	2	Flit output : 	0.695312
 Fits Input : 	2	Flit output : 	0.703125
 Fits Input : 	2	Flit output : 	0.703125
 Fits Input : 	2	Flit output : 	0.703125
 Fits Input : 	2	Flit output : 	0.703125
 Fits Input : 	2	Flit output : 	0.703125
 Fits Input : 	2	Flit output : 	0.703125
 Fits Input : 	2	Flit output : 	0.703125
 Fits Input : 	2	Flit output : 	0.714844
 Fits Input : 	2	Flit output : 	0.722656
 Fits Input : 	2	Flit output : 	0.722656
 Fits Input : 	2	Flit output : 	0.722656
 Fits Input : 	2	Flit output : 	0.722656
 Fits Input : 	2	Flit output : 	0.722656
 Fits Input : 	2	Flit output : 	0.722656
 Fits Input : 	2	Flit output : 	0.722656
 Fits Input : 	2	Flit output : 	0.722656
 Fits Input : 	2	Flit output : 	0.722656
 Fits Input : 	2	Flit output : 	0.734375
 Fits Input : 	2	Flit output : 	0.742188
 Fits Input : 	2	Flit output : 	0.742188
 Fits Input : 	2	Flit output : 	0.742188
 Fits Input : 	2	Flit output : 	0.742188
 Fits Input : 	2	Flit output : 	0.742188
 Fits Input : 	2	Flit output : 	0.742188
 Fits Input : 	2	Flit output : 	0.742188
 Fits Input : 	2	Flit output : 	0.742188
 Fits Input : 	2	Flit output : 	0.742188
 Fits Input : 	2	Flit output : 	0.742188
 Fits Input : 	2	Flit output : 	0.742188
 Fits Input : 	2	Flit output : 	0.761719
 Fits Input : 	2	Flit output : 	0.761719
 Fits Input : 	2	Flit output : 	0.761719
 Fits Input : 	2	Flit output : 	0.761719
 Fits Input : 	2	Flit output : 	0.761719
 Fits Input : 	2	Flit output : 	0.761719
 Fits Input : 	2	Flit output : 	0.761719
 Fits Input : 	2	Flit output : 	0.761719
 Fits Input : 	2	Flit output : 	0.761719
 Fits Input : 	2	Flit output : 	0.761719
 Fits Input : 	2	Flit output : 	0.761719
 Fits Input : 	2	Flit output : 	0.761719
 Fits Input : 	2	Flit output : 	0.761719
 Fits Input : 	2	Flit output : 	0.761719
 Fits Input : 	2	Flit output : 	0.761719
 Fits Input : 	2	Flit output : 	0.761719
 Fits Input : 	2	Flit output : 	0.761719
 Fits Input : 	2	Flit output : 	0.761719
 Fits Input : 	2	Flit output : 	0.761719
 Fits Input : 	2	Flit output : 	0.78125
 Fits Input : 	2	Flit output : 	0.78125
 Fits Input : 	2	Flit output : 	0.78125
 Fits Input : 	2	Flit output : 	0.78125
 Fits Input : 	2	Flit output : 	0.78125
 Fits Input : 	2	Flit output : 	0.78125
 Fits Input : 	2	Flit output : 	0.78125
 Fits Input : 	2	Flit output : 	0.78125
 Fits Input : 	2	Flit output : 	0.78125
 Fits Input : 	2	Flit output : 	0.78125
 Fits Input : 	2	Flit output : 	0.78125
 Fits Input : 	2	Flit output : 	0.78125
 Fits Input : 	2	Flit output : 	0.78125
 Fits Input : 	2	Flit output : 	0.78125
 Fits Input : 	2	Flit output : 	0.78125
 Fits Input : 	2	Flit output : 	0.78125
 Fits Input : 	2	Flit output : 	0.78125
 Fits Input : 	2	Flit output : 	0.78125
 Fits Input : 	2	Flit output : 	0.78125
 Fits Input : 	2	Flit output : 	0.78125
 Fits Input : 	2	Flit output : 	0.78125
 Fits Input : 	2	Flit output : 	0.78125
 Fits Input : 	2	Flit output : 	0.78125
 Fits Input : 	2	Flit output : 	0.78125
 Fits Input : 	2	Flit output : 	0.78125
 Fits Input : 	2	Flit output : 	0.78125
 Fits Input : 	2	Flit output : 	0.789062
 Fits Input : 	2	Flit output : 	0.800781
 Fits Input : 	2	Flit output : 	0.800781
 Fits Input : 	2	Flit output : 	0.800781
 Fits Input : 	2	Flit output : 	0.808594
 Fits Input : 	2	Flit output : 	0.808594
 Fits Input : 	2	Flit output : 	0.808594
 Fits Input : 	2	Flit output : 	0.820312
 Fits Input : 	2	Flit output : 	0.820312
 Fits Input : 	2	Flit output : 	0.828125
 Fits Input : 	2	Flit output : 	0.828125
 Fits Input : 	2	Flit output : 	0.828125
 Fits Input : 	2	Flit output : 	0.828125
 Fits Input : 	2	Flit output : 	0.828125
 Fits Input : 	2	Flit output : 	0.828125
 Fits Input : 	2	Flit output : 	0.828125
 Fits Input : 	2	Flit output : 	0.828125
 Fits Input : 	2	Flit output : 	0.839844
 Fits Input : 	2	Flit output : 	0.847656
 Fits Input : 	2	Flit output : 	0.847656
 Fits Input : 	2	Flit output : 	0.847656
 Fits Input : 	2	Flit output : 	0.847656
 Fits Input : 	2	Flit output : 	0.847656
 Fits Input : 	2	Flit output : 	0.847656
 Fits Input : 	2	Flit output : 	0.847656
 Fits Input : 	2	Flit output : 	0.847656
 Fits Input : 	2	Flit output : 	0.847656
 Fits Input : 	2	Flit output : 	0.851562
 Fits Input : 	2	Flit output : 	0.867188
 Fits Input : 	2	Flit output : 	0.867188
 Fits Input : 	2	Flit output : 	0.867188
 Fits Input : 	2	Flit output : 	0.867188
 Fits Input : 	2	Flit output : 	0.867188
 Fits Input : 	2	Flit output : 	0.867188
 Fits Input : 	2	Flit output : 	0.867188
 Fits Input : 	2	Flit output : 	0.867188
 Fits Input : 	2	Flit output : 	0.867188
 Fits Input : 	2	Flit output : 	0.867188
 Fits Input : 	2	Flit output : 	0.867188
 Fits Input : 	2	Flit output : 	0.867188
 Fits Input : 	2	Flit output : 	0.867188
 Fits Input : 	2	Flit output : 	0.871094
 Fits Input : 	2	Flit output : 	0.886719
 Fits Input : 	2	Flit output : 	0.886719
 Fits Input : 	2	Flit output : 	0.886719
 Fits Input : 	2	Flit output : 	0.886719
 Fits Input : 	2	Flit output : 	0.886719
 Fits Input : 	2	Flit output : 	0.886719
 Fits Input : 	2	Flit output : 	0.886719
 Fits Input : 	2	Flit output : 	0.894531
 Fits Input : 	2	Flit output : 	0.90625
 Fits Input : 	2	Flit output : 	0.90625
 Fits Input : 	2	Flit output : 	0.90625
 Fits Input : 	2	Flit output : 	0.90625
 Fits Input : 	2	Flit output : 	0.90625
 Fits Input : 	2	Flit output : 	0.90625
 Fits Input : 	2	Flit output : 	0.914062
 Fits Input : 	2	Flit output : 	0.914062
 Fits Input : 	2	Flit output : 	0.914062
 Fits Input : 	2	Flit output : 	0.914062
 Fits Input : 	2	Flit output : 	0.914062
 Fits Input : 	2	Flit output : 	0.933594
 Fits Input : 	2	Flit output : 	0.933594
 Fits Input : 	2	Flit output : 	0.933594
 Fits Input : 	2	Flit output : 	0.933594
 Fits Input : 	2	Flit output : 	0.933594
 Fits Input : 	2	Flit output : 	0.945312
 Fits Input : 	2	Flit output : 	0.953125
 Fits Input : 	2	Flit output : 	0.953125
 Fits Input : 	2	Flit output : 	0.953125
 Fits Input : 	2	Flit output : 	0.953125
 Fits Input : 	2	Flit output : 	0.953125
 Fits Input : 	2	Flit output : 	0.953125
 Fits Input : 	2	Flit output : 	0.953125
 Fits Input : 	2	Flit output : 	0.953125
 Fits Input : 	2	Flit output : 	0.953125
 Fits Input : 	2	Flit output : 	0.953125
 Fits Input : 	2	Flit output : 	0.953125
 Fits Input : 	2	Flit output : 	0.953125
 Fits Input : 	2	Flit output : 	0.953125
 Fits Input : 	2	Flit output : 	0.953125
 Fits Input : 	2	Flit output : 	0.953125
 Fits Input : 	2	Flit output : 	0.972656
 Fits Input : 	2	Flit output : 	0.972656
 Fits Input : 	2	Flit output : 	0.972656
 Fits Input : 	2	Flit output : 	0.972656
 Fits Input : 	2	Flit output : 	0.972656
 Fits Input : 	2	Flit output : 	0.972656
 Fits Input : 	2	Flit output : 	0.972656
 Fits Input : 	2	Flit output : 	0.992188
 Fits Input : 	2	Flit output : 	0.992188
 Fits Input : 	2	Flit output : 	0.992188
 Fits Input : 	2	Flit output : 	0.992188
 Fits Input : 	2	Flit output : 	0.992188
 Fits Input : 	2	Flit output : 	0.992188
 Fits Input : 	2	Flit output : 	0.992188
 Fits Input : 	2	Flit output : 	1.01172
 Fits Input : 	2	Flit output : 	1.01172
 Fits Input : 	2	Flit output : 	1.01172
 Fits Input : 	2	Flit output : 	1.01172
 Fits Input : 	2	Flit output : 	1.01953
 Fits Input : 	2	Flit output : 	1.01953
 Fits Input : 	2	Flit output : 	1.03125
 Fits Input : 	2	Flit output : 	1.03906
 Fits Input : 	2	Flit output : 	1.05859
 Fits Input : 	2	Flit output : 	1.05859
 Fits Input : 	2	Flit output : 	1.05859
 Fits Input : 	2	Flit output : 	1.05859
 Fits Input : 	2	Flit output : 	1.07031
 Fits Input : 	2	Flit output : 	1.07812
 Fits Input : 	2	Flit output : 	1.07812
 Fits Input : 	2	Flit output : 	1.07812
 Fits Input : 	2	Flit output : 	1.07812
 Fits Input : 	2	Flit output : 	1.07812
 Fits Input : 	2	Flit output : 	1.07812
 Fits Input : 	2	Flit output : 	1.09766
 Fits Input : 	2	Flit output : 	1.09766
 Fits Input : 	2	Flit output : 	1.11719
 Fits Input : 	2	Flit output : 	1.11719
 Fits Input : 	2	Flit output : 	1.11719
 Fits Input : 	2	Flit output : 	1.11719
 Fits Input : 	2	Flit output : 	1.11719
 Fits Input : 	2	Flit output : 	1.11719
 Fits Input : 	2	Flit output : 	1.11719
 Fits Input : 	2	Flit output : 	1.11719
 Fits Input : 	2	Flit output : 	1.11719
 Fits Input : 	2	Flit output : 	1.125
 Fits Input : 	2	Flit output : 	1.125
 Fits Input : 	2	Flit output : 	1.13672
 Fits Input : 	2	Flit output : 	1.15625
 Fits Input : 	2	Flit output : 	1.16406
 Fits Input : 	2	Flit output : 	1.16406
 Fits Input : 	2	Flit output : 	1.16406
 Fits Input : 	2	Flit output : 	1.16406
 Fits Input : 	2	Flit output : 	1.16406
 Fits Input : 	2	Flit output : 	1.16406
 Fits Input : 	2	Flit output : 	1.16406
 Fits Input : 	2	Flit output : 	1.16406
 Fits Input : 	2	Flit output : 	1.16406
 Fits Input : 	2	Flit output : 	1.16406
 Fits Input : 	2	Flit output : 	1.16406
 Fits Input : 	2	Flit output : 	1.16406
 Fits Input : 	2	Flit output : 	1.16406
 Fits Input : 	2	Flit output : 	1.16406
 Fits Input : 	2	Flit output : 	1.18359
 Fits Input : 	2	Flit output : 	1.18359
 Fits Input : 	2	Flit output : 	1.20312
 Fits Input : 	2	Flit output : 	1.20312
 Fits Input : 	2	Flit output : 	1.20312
 Fits Input : 	2	Flit output : 	1.20312
 Fits Input : 	2	Flit output : 	1.22266
 Fits Input : 	2	Flit output : 	1.24219
 Fits Input : 	2	Flit output : 	1.24219
 Fits Input : 	2	Flit output : 	1.25
 Fits Input : 	2	Flit output : 	1.25
 Fits Input : 	2	Flit output : 	1.26953
 Fits Input : 	2	Flit output : 	1.28125
 Fits Input : 	2	Flit output : 	1.28906
 Fits Input : 	2	Flit output : 	1.28906
 Fits Input : 	2	Flit output : 	1.30859
 Fits Input : 	2	Flit output : 	1.375
 Fits Input : 	2	Flit output : 	1.375
 Fits Input : 	2	Flit output : 	1.375
 Fits Input : 	2	Flit output : 	1.375
 Fits Input : 	2	Flit output : 	1.39453
 Fits Input : 	2	Flit output : 	1.41406
 Fits Input : 	2	Flit output : 	1.41406
 Fits Input : 	2	Flit output : 	1.41406
 Fits Input : 	2	Flit output : 	1.47266
 Fits Input : 	2	Flit output : 	1.49219
 Fits Input : 	2	Flit output : 	1.51953
 Fits Input : 	2	Flit output : 	1.625
 Fits Input : 	2	Flit output : 	1.70312
 Fits Input : 	2	Flit output : 	1.70312
 Fits Input : 	2	Flit output : 	1.70312
 Fits Input : 	2	Flit output : 	1.70312
 Fits Input : 	2	Flit output : 	1.70312
 Fits Input : 	2	Flit output : 	1.70312
 Fits Input : 	2	Flit output : 	1.70312
 Fits Input : 	2	Flit output : 	1.80859
 Fits Input : 	2	Flit output : 	1.80859
 Fits Input : 	2	Flit output : 	1.875
 Fits Input : 	2	Flit output : 	1.875
 Fits Input : 	2	Flit output : 	1.875
 Fits Input : 	2	Flit output : 	1.875
 Fits Input : 	2	Flit output : 	1.875
 Fits Input : 	2	Flit output : 	1.875
 Fits Input : 	2	Flit output : 	1.875
 Fits Input : 	2	Flit output : 	1.875
 Fits Input : 	2	Flit output : 	1.875
 Fits Input : 	2	Flit output : 	1.875
 Fits Input : 	2	Flit output : 	1.875
 Fits Input : 	2	Flit output : 	1.875
 Fits Input : 	2	Flit output : 	1.875
 Fits Input : 	2	Flit output : 	1.875
 Fits Input : 	2	Flit output : 	1.875
 Fits Input : 	2	Flit output : 	1.875
 Fits Input : 	2	Flit output : 	1.875
 Fits Input : 	2	Flit output : 	1.875
 Fits Input : 	2	Flit output : 	1.875
 Fits Input : 	2	Flit output : 	1.875
 Fits Input : 	2	Flit output : 	1.875
 Fits Input : 	2	Flit output : 	1.875
 Fits Input : 	2	Flit output : 	1.875
 Fits Input : 	2	Flit output : 	1.875
 Fits Input : 	2	Flit output : 	1.875
 Fits Input : 	2	Flit output : 	1.875
 Fits Input : 	2	Flit output : 	1.875
 Fits Input : 	2	Flit output : 	1.875
 Fits Input : 	2	Flit output : 	1.875
 Fits Input : 	2	Flit output : 	1.875
 Fits Input : 	2	Flit output : 	1.875
 Fits Input : 	2	Flit output : 	1.875
 Fits Input : 	2	Flit output : 	1.875
 Fits Input : 	2	Flit output : 	1.875
 Fits Input : 	2	Flit output : 	1.875
 Fits Input : 	2	Flit output : 	1.875
 Fits Input : 	2	Flit output : 	1.875
 Fits Input : 	2	Flit output : 	1.875
 Fits Input : 	2	Flit output : 	1.875
 Fits Input : 	2	Flit output : 	1.875
 Fits Input : 	2	Flit output : 	1.875
 Fits Input : 	2	Flit output : 	1.875
 Fits Input : 	2	Flit output : 	1.875
 Fits Input : 	2	Flit output : 	1.875
 Fits Input : 	2	Flit output : 	1.875
 Fits Input : 	2	Flit output : 	1.875
 Fits Input : 	2	Flit output : 	1.875
 Fits Input : 	2	Flit output : 	1.875
 Fits Input : 	2	Flit output : 	1.875
 Fits Input : 	2	Flit output : 	1.875
 Fits Input : 	2	Flit output : 	1.875
 Fits Input : 	2	Flit output : 	1.875
 Fits Input : 	2	Flit output : 	1.91406
 Fits Input : 	2	Flit output : 	1.91406
 Fits Input : 	2	Flit output : 	1.91406
 Fits Input : 	2	Flit output : 	1.91406
 Fits Input : 	2	Flit output : 	2.01953
 Fits Input : 	2	Flit output : 	2.01953
 Fits Input : 	2	Flit output : 	2.01953
 Fits Input : 	2	Flit output : 	2.125
 Fits Input : 	4	Flit output : 	0.25
 Fits Input : 	4	Flit output : 	0.25
 Fits Input : 	4	Flit output : 	0.25
 Fits Input : 	4	Flit output : 	0.328125
 Fits Input : 	4	Flit output : 	0.328125
 Fits Input : 	4	Flit output : 	0.375
 Fits Input : 	4	Flit output : 	0.539062
 Fits Input : 	4	Flit output : 	0.539062
 Fits Input : 	4	Flit output : 	0.539062
 Fits Input : 	4	Flit output : 	0.539062
 Fits Input : 	4	Flit output : 	0.539062
 Fits Input : 	4	Flit output : 	0.539062
 Fits Input : 	4	Flit output : 	0.5625
 Fits Input : 	4	Flit output : 	0.5625
 Fits Input : 	4	Flit output : 	0.5625
 Fits Input : 	4	Flit output : 	0.601562
 Fits Input : 	4	Flit output : 	0.601562
 Fits Input : 	4	Flit output : 	0.601562
 Fits Input : 	4	Flit output : 	0.601562
 Fits Input : 	4	Flit output : 	0.601562
 Fits Input : 	4	Flit output : 	0.601562
 Fits Input : 	4	Flit output : 	0.601562
 Fits Input : 	4	Flit output : 	0.664062
 Fits Input : 	4	Flit output : 	0.667969
 Fits Input : 	4	Flit output : 	0.667969
 Fits Input : 	4	Flit output : 	0.667969
 Fits Input : 	4	Flit output : 	0.707031
 Fits Input : 	4	Flit output : 	0.8125
 Fits Input : 	4	Flit output : 	0.8125
 Fits Input : 	4	Flit output : 	0.8125
 Fits Input : 	4	Flit output : 	0.8125
 Fits Input : 	4	Flit output : 	0.8125
 Fits Input : 	4	Flit output : 	0.8125
 Fits Input : 	4	Flit output : 	0.8125
 Fits Input : 	4	Flit output : 	0.8125
 Fits Input : 	4	Flit output : 	0.8125
 Fits Input : 	4	Flit output : 	0.8125
 Fits Input : 	4	Flit output : 	0.8125
 Fits Input : 	4	Flit output : 	0.8125
 Fits Input : 	4	Flit output : 	0.828125
 Fits Input : 	4	Flit output : 	0.84375
 Fits Input : 	4	Flit output : 	0.851562
 Fits Input : 	4	Flit output : 	0.851562
 Fits Input : 	4	Flit output : 	0.851562
 Fits Input : 	4	Flit output : 	0.851562
 Fits Input : 	4	Flit output : 	0.851562
 Fits Input : 	4	Flit output : 	0.851562
 Fits Input : 	4	Flit output : 	0.851562
 Fits Input : 	4	Flit output : 	0.851562
 Fits Input : 	4	Flit output : 	0.851562
 Fits Input : 	4	Flit output : 	0.851562
 Fits Input : 	4	Flit output : 	0.851562
 Fits Input : 	4	Flit output : 	0.851562
 Fits Input : 	4	Flit output : 	0.875
 Fits Input : 	4	Flit output : 	0.875
 Fits Input : 	4	Flit output : 	0.875
 Fits Input : 	4	Flit output : 	0.875
 Fits Input : 	4	Flit output : 	0.875
 Fits Input : 	4	Flit output : 	0.875
 Fits Input : 	4	Flit output : 	0.875
 Fits Input : 	4	Flit output : 	0.875
 Fits Input : 	4	Flit output : 	0.875
 Fits Input : 	4	Flit output : 	0.875
 Fits Input : 	4	Flit output : 	0.875
 Fits Input : 	4	Flit output : 	0.875
 Fits Input : 	4	Flit output : 	0.875
 Fits Input : 	4	Flit output : 	0.875
 Fits Input : 	4	Flit output : 	0.875
 Fits Input : 	4	Flit output : 	0.875
 Fits Input : 	4	Flit output : 	0.875
 Fits Input : 	4	Flit output : 	0.875
 Fits Input : 	4	Flit output : 	0.875
 Fits Input : 	4	Flit output : 	0.875
 Fits Input : 	4	Flit output : 	0.875
 Fits Input : 	4	Flit output : 	0.875
 Fits Input : 	4	Flit output : 	0.875
 Fits Input : 	4	Flit output : 	0.875
 Fits Input : 	4	Flit output : 	0.875
 Fits Input : 	4	Flit output : 	0.875
 Fits Input : 	4	Flit output : 	0.875
 Fits Input : 	4	Flit output : 	0.875
 Fits Input : 	4	Flit output : 	0.875
 Fits Input : 	4	Flit output : 	0.875
 Fits Input : 	4	Flit output : 	0.875
 Fits Input : 	4	Flit output : 	0.875
 Fits Input : 	4	Flit output : 	0.875
 Fits Input : 	4	Flit output : 	0.875
 Fits Input : 	4	Flit output : 	0.875
 Fits Input : 	4	Flit output : 	0.875
 Fits Input : 	4	Flit output : 	0.875
 Fits Input : 	4	Flit output : 	0.875
 Fits Input : 	4	Flit output : 	0.875
 Fits Input : 	4	Flit output : 	0.875
 Fits Input : 	4	Flit output : 	0.875
 Fits Input : 	4	Flit output : 	0.875
 Fits Input : 	4	Flit output : 	0.875
 Fits Input : 	4	Flit output : 	0.875
 Fits Input : 	4	Flit output : 	0.875
 Fits Input : 	4	Flit output : 	0.875
 Fits Input : 	4	Flit output : 	0.875
 Fits Input : 	4	Flit output : 	0.875
 Fits Input : 	4	Flit output : 	0.875
 Fits Input : 	4	Flit output : 	0.875
 Fits Input : 	4	Flit output : 	0.875
 Fits Input : 	4	Flit output : 	0.875
 Fits Input : 	4	Flit output : 	0.875
 Fits Input : 	4	Flit output : 	0.875
 Fits Input : 	4	Flit output : 	0.875
 Fits Input : 	4	Flit output : 	0.875
 Fits Input : 	4	Flit output : 	0.875
 Fits Input : 	4	Flit output : 	0.875
 Fits Input : 	4	Flit output : 	0.875
 Fits Input : 	4	Flit output : 	0.875
 Fits Input : 	4	Flit output : 	0.875
 Fits Input : 	4	Flit output : 	0.875
 Fits Input : 	4	Flit output : 	0.875
 Fits Input : 	4	Flit output : 	0.875
 Fits Input : 	4	Flit output : 	0.875
 Fits Input : 	4	Flit output : 	0.875
 Fits Input : 	4	Flit output : 	0.875
 Fits Input : 	4	Flit output : 	0.875
 Fits Input : 	4	Flit output : 	0.875
 Fits Input : 	4	Flit output : 	0.875
 Fits Input : 	4	Flit output : 	0.875
 Fits Input : 	4	Flit output : 	0.875
 Fits Input : 	4	Flit output : 	0.875
 Fits Input : 	4	Flit output : 	0.875
 Fits Input : 	4	Flit output : 	0.875
 Fits Input : 	4	Flit output : 	0.875
 Fits Input : 	4	Flit output : 	0.875
 Fits Input : 	4	Flit output : 	0.875
 Fits Input : 	4	Flit output : 	0.875
 Fits Input : 	4	Flit output : 	0.875
 Fits Input : 	4	Flit output : 	0.875
 Fits Input : 	4	Flit output : 	0.875
 Fits Input : 	4	Flit output : 	0.878906
 Fits Input : 	4	Flit output : 	0.890625
 Fits Input : 	4	Flit output : 	0.898438
 Fits Input : 	4	Flit output : 	0.917969
 Fits Input : 	4	Flit output : 	0.917969
 Fits Input : 	4	Flit output : 	0.917969
 Fits Input : 	4	Flit output : 	0.945312
 Fits Input : 	4	Flit output : 	0.945312
 Fits Input : 	4	Flit output : 	0.945312
 Fits Input : 	4	Flit output : 	0.945312
 Fits Input : 	4	Flit output : 	0.945312
 Fits Input : 	4	Flit output : 	0.945312
 Fits Input : 	4	Flit output : 	0.945312
 Fits Input : 	4	Flit output : 	0.945312
 Fits Input : 	4	Flit output : 	0.945312
 Fits Input : 	4	Flit output : 	0.945312
 Fits Input : 	4	Flit output : 	0.945312
 Fits Input : 	4	Flit output : 	0.945312
 Fits Input : 	4	Flit output : 	0.945312
 Fits Input : 	4	Flit output : 	0.945312
 Fits Input : 	4	Flit output : 	0.945312
 Fits Input : 	4	Flit output : 	0.945312
 Fits Input : 	4	Flit output : 	0.945312
 Fits Input : 	4	Flit output : 	0.945312
 Fits Input : 	4	Flit output : 	0.945312
 Fits Input : 	4	Flit output : 	0.945312
 Fits Input : 	4	Flit output : 	0.945312
 Fits Input : 	4	Flit output : 	0.957031
 Fits Input : 	4	Flit output : 	0.964844
 Fits Input : 	4	Flit output : 	0.984375
 Fits Input : 	4	Flit output : 	0.984375
 Fits Input : 	4	Flit output : 	0.984375
 Fits Input : 	4	Flit output : 	0.996094
 Fits Input : 	4	Flit output : 	1.01562
 Fits Input : 	4	Flit output : 	1.01562
 Fits Input : 	4	Flit output : 	1.02344
 Fits Input : 	4	Flit output : 	1.02344
 Fits Input : 	4	Flit output : 	1.02344
 Fits Input : 	4	Flit output : 	1.02344
 Fits Input : 	4	Flit output : 	1.02344
 Fits Input : 	4	Flit output : 	1.02344
 Fits Input : 	4	Flit output : 	1.02344
 Fits Input : 	4	Flit output : 	1.02344
 Fits Input : 	4	Flit output : 	1.03516
 Fits Input : 	4	Flit output : 	1.04297
 Fits Input : 	4	Flit output : 	1.05078
 Fits Input : 	4	Flit output : 	1.05078
 Fits Input : 	4	Flit output : 	1.0625
 Fits Input : 	4	Flit output : 	1.0625
 Fits Input : 	4	Flit output : 	1.0625
 Fits Input : 	4	Flit output : 	1.0625
 Fits Input : 	4	Flit output : 	1.0625
 Fits Input : 	4	Flit output : 	1.0625
 Fits Input : 	4	Flit output : 	1.0625
 Fits Input : 	4	Flit output : 	1.0625
 Fits Input : 	4	Flit output : 	1.0625
 Fits Input : 	4	Flit output : 	1.12109
 Fits Input : 	4	Flit output : 	1.12891
 Fits Input : 	4	Flit output : 	1.13672
 Fits Input : 	4	Flit output : 	1.13672
 Fits Input : 	4	Flit output : 	1.15625
 Fits Input : 	4	Flit output : 	1.16797
 Fits Input : 	4	Flit output : 	1.16797
 Fits Input : 	4	Flit output : 	1.19531
 Fits Input : 	4	Flit output : 	1.19922
 Fits Input : 	4	Flit output : 	1.22656
 Fits Input : 	4	Flit output : 	1.23438
 Fits Input : 	4	Flit output : 	1.23438
 Fits Input : 	4	Flit output : 	1.23438
 Fits Input : 	4	Flit output : 	1.24219
 Fits Input : 	4	Flit output : 	1.26172
 Fits Input : 	4	Flit output : 	1.27344
 Fits Input : 	4	Flit output : 	1.27344
 Fits Input : 	4	Flit output : 	1.27344
 Fits Input : 	4	Flit output : 	1.27344
 Fits Input : 	4	Flit output : 	1.28125
 Fits Input : 	4	Flit output : 	1.29688
 Fits Input : 	4	Flit output : 	1.29688
 Fits Input : 	4	Flit output : 	1.29688
 Fits Input : 	4	Flit output : 	1.30078
 Fits Input : 	4	Flit output : 	1.30078
 Fits Input : 	4	Flit output : 	1.32031
 Fits Input : 	4	Flit output : 	1.32031
 Fits Input : 	4	Flit output : 	1.33203
 Fits Input : 	4	Flit output : 	1.33984
 Fits Input : 	4	Flit output : 	1.33984
 Fits Input : 	4	Flit output : 	1.33984
 Fits Input : 	4	Flit output : 	1.34766
 Fits Input : 	4	Flit output : 	1.36719
 Fits Input : 	4	Flit output : 	1.36719
 Fits Input : 	4	Flit output : 	1.38672
 Fits Input : 	4	Flit output : 	1.42578
 Fits Input : 	4	Flit output : 	1.42578
 Fits Input : 	4	Flit output : 	1.42578
 Fits Input : 	4	Flit output : 	1.42578
 Fits Input : 	4	Flit output : 	1.42578
 Fits Input : 	4	Flit output : 	1.42578
 Fits Input : 	4	Flit output : 	1.4375
 Fits Input : 	4	Flit output : 	1.44531
 Fits Input : 	4	Flit output : 	1.44531
 Fits Input : 	4	Flit output : 	1.47266
 Fits Input : 	4	Flit output : 	1.47266
 Fits Input : 	4	Flit output : 	1.47656
 Fits Input : 	4	Flit output : 	1.48438
 Fits Input : 	4	Flit output : 	1.48438
 Fits Input : 	4	Flit output : 	1.48438
 Fits Input : 	4	Flit output : 	1.48438
 Fits Input : 	4	Flit output : 	1.49219
 Fits Input : 	4	Flit output : 	1.53125
 Fits Input : 	4	Flit output : 	1.53125
 Fits Input : 	4	Flit output : 	1.53125
 Fits Input : 	4	Flit output : 	1.53125
 Fits Input : 	4	Flit output : 	1.53906
 Fits Input : 	4	Flit output : 	1.54297
 Fits Input : 	4	Flit output : 	1.55078
 Fits Input : 	4	Flit output : 	1.55078
 Fits Input : 	4	Flit output : 	1.55078
 Fits Input : 	4	Flit output : 	1.55859
 Fits Input : 	4	Flit output : 	1.57812
 Fits Input : 	4	Flit output : 	1.57812
 Fits Input : 	4	Flit output : 	1.57812
 Fits Input : 	4	Flit output : 	1.57812
 Fits Input : 	4	Flit output : 	1.58203
 Fits Input : 	4	Flit output : 	1.58984
 Fits Input : 	4	Flit output : 	1.59766
 Fits Input : 	4	Flit output : 	1.60938
 Fits Input : 	4	Flit output : 	1.60938
 Fits Input : 	4	Flit output : 	1.61719
 Fits Input : 	4	Flit output : 	1.63672
 Fits Input : 	4	Flit output : 	1.63672
 Fits Input : 	4	Flit output : 	1.65625
 Fits Input : 	4	Flit output : 	1.65625
 Fits Input : 	4	Flit output : 	1.67578
 Fits Input : 	4	Flit output : 	1.68359
 Fits Input : 	4	Flit output : 	1.68359
 Fits Input : 	4	Flit output : 	1.69531
 Fits Input : 	4	Flit output : 	1.69531
 Fits Input : 	4	Flit output : 	1.72266
 Fits Input : 	4	Flit output : 	1.74219
 Fits Input : 	4	Flit output : 	1.75391
 Fits Input : 	4	Flit output : 	1.76172
 Fits Input : 	4	Flit output : 	1.78906
 Fits Input : 	4	Flit output : 	1.82031
 Fits Input : 	4	Flit output : 	1.82031
 Fits Input : 	4	Flit output : 	1.82812
 Fits Input : 	4	Flit output : 	1.84766
 Fits Input : 	4	Flit output : 	1.84766
 Fits Input : 	4	Flit output : 	1.84766
 Fits Input : 	4	Flit output : 	1.84766
 Fits Input : 	4	Flit output : 	1.86719
 Fits Input : 	4	Flit output : 	1.875
 Fits Input : 	4	Flit output : 	1.88672
 Fits Input : 	4	Flit output : 	1.89453
 Fits Input : 	4	Flit output : 	1.89453
 Fits Input : 	4	Flit output : 	1.89453
 Fits Input : 	4	Flit output : 	1.89453
 Fits Input : 	4	Flit output : 	1.90625
 Fits Input : 	4	Flit output : 	1.92578
 Fits Input : 	4	Flit output : 	1.92578
 Fits Input : 	4	Flit output : 	1.93359
 Fits Input : 	4	Flit output : 	1.95312
 Fits Input : 	4	Flit output : 	1.95312
 Fits Input : 	4	Flit output : 	1.97266
 Fits Input : 	4	Flit output : 	1.99219
 Fits Input : 	4	Flit output : 	2
 Fits Input : 	4	Flit output : 	2
 Fits Input : 	4	Flit output : 	2
 Fits Input : 	4	Flit output : 	2.03125
 Fits Input : 	4	Flit output : 	2.03906
 Fits Input : 	4	Flit output : 	2.07812
 Fits Input : 	4	Flit output : 	2.07812
 Fits Input : 	4	Flit output : 	2.07812
 Fits Input : 	4	Flit output : 	2.07812
 Fits Input : 	4	Flit output : 	2.11719
 Fits Input : 	4	Flit output : 	2.11719
 Fits Input : 	4	Flit output : 	2.11719
 Fits Input : 	4	Flit output : 	2.13672
 Fits Input : 	4	Flit output : 	2.16406
 Fits Input : 	4	Flit output : 	2.17969
 Fits Input : 	4	Flit output : 	2.18359
 Fits Input : 	4	Flit output : 	2.18359
 Fits Input : 	4	Flit output : 	2.20312
 Fits Input : 	4	Flit output : 	2.20312
 Fits Input : 	4	Flit output : 	2.22266
 Fits Input : 	4	Flit output : 	2.23438
 Fits Input : 	4	Flit output : 	2.25
 Fits Input : 	4	Flit output : 	2.25
 Fits Input : 	4	Flit output : 	2.28906
 Fits Input : 	4	Flit output : 	2.28906
 Fits Input : 	4	Flit output : 	2.28906
 Fits Input : 	4	Flit output : 	2.28906
 Fits Input : 	4	Flit output : 	2.28906
 Fits Input : 	4	Flit output : 	2.28906
 Fits Input : 	4	Flit output : 	2.28906
 Fits Input : 	4	Flit output : 	2.28906
 Fits Input : 	4	Flit output : 	2.30859
 Fits Input : 	4	Flit output : 	2.31641
 Fits Input : 	4	Flit output : 	2.32812
 Fits Input : 	4	Flit output : 	2.35156
 Fits Input : 	4	Flit output : 	2.35156
 Fits Input : 	4	Flit output : 	2.35156
 Fits Input : 	4	Flit output : 	2.35156
 Fits Input : 	4	Flit output : 	2.35156
 Fits Input : 	4	Flit output : 	2.35156
 Fits Input : 	4	Flit output : 	2.39062
 Fits Input : 	4	Flit output : 	2.42188
 Fits Input : 	4	Flit output : 	2.42188
 Fits Input : 	4	Flit output : 	2.45703
 Fits Input : 	4	Flit output : 	2.45703
 Fits Input : 	4	Flit output : 	2.5
 Fits Input : 	4	Flit output : 	2.52734
 Fits Input : 	4	Flit output : 	2.52734
 Fits Input : 	4	Flit output : 	2.63281
 Fits Input : 	4	Flit output : 	2.63281
 Fits Input : 	4	Flit output : 	2.65625
 Fits Input : 	4	Flit output : 	2.70312
 Fits Input : 	4	Flit output : 	2.77344
 Fits Input : 	4	Flit output : 	2.84375
 Fits Input : 	4	Flit output : 	2.84375
 Fits Input : 	4	Flit output : 	2.84375
 Fits Input : 	4	Flit output : 	2.84375
 Fits Input : 	4	Flit output : 	2.84375
 Fits Input : 	4	Flit output : 	2.84375
 Fits Input : 	4	Flit output : 	2.84375
 Fits Input : 	4	Flit output : 	2.84375
 Fits Input : 	4	Flit output : 	2.84375
 Fits Input : 	4	Flit output : 	2.84375
 Fits Input : 	4	Flit output : 	2.84375
 Fits Input : 	4	Flit output : 	2.94922
 Fits Input : 	4	Flit output : 	2.94922
 Fits Input : 	4	Flit output : 	2.95312
 Fits Input : 	4	Flit output : 	2.98438
 Fits Input : 	4	Flit output : 	2.98438
 Fits Input : 	4	Flit output : 	3.05469
 Fits Input : 	4	Flit output : 	3.05469
 Fits Input : 	4	Flit output : 	3.05469
 Fits Input : 	4	Flit output : 	3.08984
 Fits Input : 	4	Flit output : 	3.19531
 Fits Input : 	4	Flit output : 	3.26562
 Fits Input : 	4	Flit output : 	3.37109
 Fits Input : 	4	Flit output : 	3.37109
 Fits Input : 	4	Flit output : 	3.37109
 Fits Input : 	4	Flit output : 	3.47656
 Fits Input : 	4	Flit output : 	3.47656
 Fits Input : 	4	Flit output : 	3.51172
 Fits Input : 	4	Flit output : 	3.58203
 Fits Input : 	4	Flit output : 	3.58203
 Fits Input : 	4	Flit output : 	3.6875
 Fits Input : 	4	Flit output : 	3.6875
 Fits Input : 	4	Flit output : 	3.6875
 Fits Input : 	4	Flit output : 	3.72266
 Fits Input : 	4	Flit output : 	3.72266
 Fits Input : 	4	Flit output : 	3.79297
 Fits Input : 	4	Flit output : 	3.82812
 Fits Input : 	4	Flit output : 	3.82812
 Fits Input : 	4	Flit output : 	3.82812
 Fits Input : 	4	Flit output : 	3.82812
 Fits Input : 	4	Flit output : 	3.82812
 Fits Input : 	4	Flit output : 	3.89844
 Fits Input : 	4	Flit output : 	3.93359
 Fits Input : 	4	Flit output : 	4.00391
 Fits Input : 	4	Flit output : 	4.00391
 Fits Input : 	4	Flit output : 	4.03906
 Fits Input : 	4	Flit output : 	4.03906
 Fits Input : 	4	Flit output : 	4.03906
 Fits Input : 	4	Flit output : 	4.03906
 Fits Input : 	4	Flit output : 	4.14453
 Fits Input : 	4	Flit output : 	4.14453
 Fits Input : 	4	Flit output : 	4.21484
 Fits Input : 	4	Flit output : 	4.21484
 Fits Input : 	4	Flit output : 	4.25
 Fits Input : 	4	Flit output : 	4.25
 Fits Input : 	4	Flit output : 	4.25
 Fits Input : 	4	Flit output : 	4.25
 Fits Input : 	4	Flit output : 	4.25
 Fits Input : 	4	Flit output : 	4.25
 Fits Input : 	4	Flit output : 	4.25
 Fits Input : 	4	Flit output : 	4.25
 Fits Input : 	4	Flit output : 	4.25
 Fits Input : 	4	Flit output : 	4.25
 Fits Input : 	4	Flit output : 	4.25
 Fits Input : 	4	Flit output : 	4.25
 Fits Input : 	4	Flit output : 	4.25
 Fits Input : 	4	Flit output : 	4.25
 Fits Input : 	4	Flit output : 	4.25
 Fits Input : 	4	Flit output : 	4.25
 Fits Input : 	4	Flit output : 	4.25
 Fits Input : 	4	Flit output : 	4.25
 Fits Input : 	4	Flit output : 	4.25
 Fits Input : 	4	Flit output : 	4.25
 Fits Input : 	4	Flit output : 	4.25
 Fits Input : 	4	Flit output : 	4.25
 Fits Input : 	4	Flit output : 	4.25
 Fits Input : 	4	Flit output : 	4.25
 Fits Input : 	4	Flit output : 	4.25
 Fits Input : 	4	Flit output : 	4.25
 Fits Input : 	4	Flit output : 	4.25
 Fits Input : 	4	Flit output : 	4.25
 Fits Input : 	4	Flit output : 	4.25
 Fits Input : 	4	Flit output : 	4.25
 Fits Input : 	4	Flit output : 	4.25
 Fits Input : 	4	Flit output : 	4.25
 Fits Input : 	4	Flit output : 	4.25
 Fits Input : 	4	Flit output : 	4.25
 Fits Input : 	4	Flit output : 	4.25
 Fits Input : 	4	Flit output : 	4.25
 Fits Input : 	4	Flit output : 	4.25
 Fits Input : 	4	Flit output : 	4.25
 Fits Input : 	4	Flit output : 	4.25
 Fits Input : 	4	Flit output : 	4.25
 Fits Input : 	4	Flit output : 	4.25
 Fits Input : 	4	Flit output : 	4.25
 Fits Input : 	4	Flit output : 	4.25
 Fits Input : 	4	Flit output : 	4.25
 Fits Input : 	4	Flit output : 	4.25
 Fits Input : 	4	Flit output : 	4.25
 Fits Input : 	4	Flit output : 	4.25
 Fits Input : 	4	Flit output : 	4.25
 Fits Input : 	4	Flit output : 	4.25
 Fits Input : 	4	Flit output : 	4.25
 Fits Input : 	4	Flit output : 	4.25
 Fits Input : 	4	Flit output : 	4.25
 Fits Input : 	4	Flit output : 	4.25
 Fits Input : 	4	Flit output : 	4.25
 Fits Input : 	4	Flit output : 	4.25
 Fits Input : 	4	Flit output : 	4.25
 Fits Input : 	4	Flit output : 	4.25
 Fits Input : 	4	Flit output : 	4.25
 Fits Input : 	4	Flit output : 	4.25
 Fits Input : 	4	Flit output : 	4.25
 Fits Input : 	4	Flit output : 	4.25
 Fits Input : 	4	Flit output : 	4.25
 Fits Input : 	4	Flit output : 	4.25
 Fits Input : 	4	Flit output : 	4.25
 Fits Input : 	4	Flit output : 	4.25
 Fits Input : 	4	Flit output : 	4.25
 Fits Input : 	4	Flit output : 	4.25
 Fits Input : 	4	Flit output : 	4.25
 Fits Input : 	4	Flit output : 	4.25
 Fits Input : 	4	Flit output : 	4.25
 Fits Input : 	4	Flit output : 	4.25
 Fits Input : 	4	Flit output : 	4.25
 Fits Input : 	4	Flit output : 	4.25
 Fits Input : 	4	Flit output : 	4.25
 Fits Input : 	4	Flit output : 	4.25
 Fits Input : 	4	Flit output : 	4.25
 Fits Input : 	4	Flit output : 	4.25
